[+] Containers:
 |- [+] Container: /Game/LabEscape_Maps/WhiteBoxes/GroupFPSLevel_Room4
 |   |- [+] ActorDescs:
 |   |   |- Guid:03301BE643A2D8EC76568FB32503D9F6 BaseClass: NativeClass:/Script/Engine.StaticMeshActor Name:StaticMeshActor_UAID_F80DAC1C66D4E35202_1569073090 Label:SM_AssetPlatform8 SpatiallyLoaded:1 Bounds:IsValid=true, Min=(X=3450.000 Y=1450.000 Z=-0.675), Max=(X=3550.000 Y=1550.000 Z=135.000) RuntimeGrid:None EditorOnly:0 RuntimeOnly:0 HLODRelevant:1 ListedInSceneOutliner:1 IsMainWorldOnly:0
 |   |   |- Guid:074AFCE34D0DA5AE7E6FF1860B87D677 BaseClass: NativeClass:/Script/Engine.StaticMeshActor Name:StaticMeshActor_UAID_F80DAC1C66D4E35202_1162863062 Label:SM_AssetPlatform2 SpatiallyLoaded:1 Bounds:IsValid=true, Min=(X=1050.000 Y=-350.000 Z=-0.675), Max=(X=1150.000 Y=-250.000 Z=135.000) RuntimeGrid:None EditorOnly:0 RuntimeOnly:0 HLODRelevant:1 ListedInSceneOutliner:1 IsMainWorldOnly:0
 |   |   |- Guid:0BC7CCCE4D181472A575529AD8FB7D16 BaseClass: NativeClass:/Script/Engine.ExponentialHeightFog Name:ExponentialHeightFog_0 Label:ExponentialHeightFog SpatiallyLoaded:0 Bounds:IsValid=true, Min=(X=-5600.000 Y=-50.000 Z=-6850.000), Max=(X=-5600.000 Y=-50.000 Z=-6850.000) RuntimeGrid:None EditorOnly:0 RuntimeOnly:0 HLODRelevant:0 ListedInSceneOutliner:1 IsMainWorldOnly:0 FolderPath:Lighting FolderGuid:963EC3EB4002CCE9759E2EBA541A873A
 |   |   |- Guid:0DBDF9664B20C20EAF8CB3AF162D0709 BaseClass: NativeClass:/Script/Engine.StaticMeshActor Name:StaticMeshActor_UAID_F80DAC1C66D4E25202_1767722866 Label:Wall_400x400 SpatiallyLoaded:1 Bounds:IsValid=true, Min=(X=-10.000 Y=1600.000 Z=0.000), Max=(X=10.000 Y=2000.000 Z=500.000) RuntimeGrid:None EditorOnly:0 RuntimeOnly:0 HLODRelevant:1 ListedInSceneOutliner:1 IsMainWorldOnly:0 FolderPath:Room 4/Walls FolderGuid:CCFC1E654EF37644CF4108941254D3A4
 |   |   |- Guid:14C9A7954DFEB107C85F86AAF764846E BaseClass: NativeClass:/Script/Engine.StaticMeshActor Name:StaticMeshActor_UAID_F80DAC1C66D4E35202_1167015063 Label:SM_AssetPlatform3 SpatiallyLoaded:1 Bounds:IsValid=true, Min=(X=1450.000 Y=-50.000 Z=-0.675), Max=(X=1550.000 Y=50.000 Z=135.000) RuntimeGrid:None EditorOnly:0 RuntimeOnly:0 HLODRelevant:1 ListedInSceneOutliner:1 IsMainWorldOnly:0
 |   |   |- Guid:1621167E43E47D4F502A4DB5B4E6CEF1 BaseClass: NativeClass:/Script/Engine.StaticMeshActor Name:StaticMeshActor_UAID_F80DAC1C66D4E25202_1874009875 Label:Floor_400x402 SpatiallyLoaded:1 Bounds:IsValid=true, Min=(X=1600.000 Y=-800.000 Z=80.000), Max=(X=2400.000 Y=800.000 Z=100.000) RuntimeGrid:None EditorOnly:0 RuntimeOnly:0 HLODRelevant:1 ListedInSceneOutliner:1 IsMainWorldOnly:0
 |   |   |- Guid:183BEF9246D6CF0E948AC692CD55E593 BaseClass: NativeClass:/Script/Engine.StaticMeshActor Name:StaticMeshActor_UAID_F80DAC1C66D4E35202_1425350080 Label:Wall_400x420 SpatiallyLoaded:1 Bounds:IsValid=true, Min=(X=3600.000 Y=1190.000 Z=0.000), Max=(X=4000.000 Y=1210.000 Z=500.000) RuntimeGrid:None EditorOnly:0 RuntimeOnly:0 HLODRelevant:1 ListedInSceneOutliner:1 IsMainWorldOnly:0
 |   |   |- Guid:1B1789FA44A2797FDACB36A6B028FB84 BaseClass: NativeClass:/Script/Engine.StaticMeshActor Name:StaticMeshActor_UAID_F80DAC1C66D4E25202_1917850876 Label:Floor_400x403 SpatiallyLoaded:1 Bounds:IsValid=true, Min=(X=1200.000 Y=-800.000 Z=80.000), Max=(X=1600.000 Y=-400.000 Z=100.000) RuntimeGrid:None EditorOnly:0 RuntimeOnly:0 HLODRelevant:1 ListedInSceneOutliner:1 IsMainWorldOnly:0
 |   |   |- Guid:25FA51F649137673261B948B3899FF0B BaseClass: NativeClass:/Script/Engine.SkyAtmosphere Name:SkyAtmosphere_0 Label:SkyAtmosphere SpatiallyLoaded:0 Bounds:IsValid=true, Min=(X=0.000 Y=0.000 Z=1020.000), Max=(X=0.000 Y=0.000 Z=1020.000) RuntimeGrid:None EditorOnly:0 RuntimeOnly:0 HLODRelevant:0 ListedInSceneOutliner:1 IsMainWorldOnly:0 FolderPath:Lighting FolderGuid:963EC3EB4002CCE9759E2EBA541A873A
 |   |   |- Guid:26060246470D381EBA5A0687FA3E0515 BaseClass: NativeClass:/Script/Engine.StaticMeshActor Name:StaticMeshActor_UAID_F80DAC1C66D4E25202_1736105865 Label:Wall_Door_400x400 SpatiallyLoaded:1 Bounds:IsValid=true, Min=(X=-10.000 Y=1200.000 Z=0.000), Max=(X=10.000 Y=1600.000 Z=500.000) RuntimeGrid:None EditorOnly:0 RuntimeOnly:0 HLODRelevant:1 ListedInSceneOutliner:1 IsMainWorldOnly:0 FolderPath:Room 4/Walls FolderGuid:CCFC1E654EF37644CF4108941254D3A4
 |   |   |- Guid:296067A74CF19345DC94BF8489D126E7 BaseClass: NativeClass:/Script/Engine.StaticMeshActor Name:StaticMeshActor_UAID_F80DAC1C66D4E35202_1175431064 Label:SM_AssetPlatform4 SpatiallyLoaded:1 Bounds:IsValid=true, Min=(X=450.000 Y=-350.000 Z=-0.675), Max=(X=550.000 Y=-250.000 Z=135.000) RuntimeGrid:None EditorOnly:0 RuntimeOnly:0 HLODRelevant:1 ListedInSceneOutliner:1 IsMainWorldOnly:0
 |   |   |- Guid:2B1083724140D9B5E66F0DBD9C19AD31 BaseClass: NativeClass:/Script/Engine.StaticMeshActor Name:StaticMeshActor_UAID_F80DAC1C66D4E35202_1458730086 Label:Wall_400x426 SpatiallyLoaded:1 Bounds:IsValid=true, Min=(X=1600.000 Y=1190.000 Z=0.000), Max=(X=3200.000 Y=1210.000 Z=500.000) RuntimeGrid:None EditorOnly:0 RuntimeOnly:0 HLODRelevant:1 ListedInSceneOutliner:1 IsMainWorldOnly:0
 |   |   |- Guid:31C9C0154C20D94B5A7E4297467B46D0 BaseClass: NativeClass:/Script/Engine.DirectionalLight Name:DirectionalLight_0 Label:DirectionalLight SpatiallyLoaded:0 Bounds:IsValid=true, Min=(X=-4398046511104.000 Y=-4398046511104.000 Z=-4398046511104.000), Max=(X=4398046511104.000 Y=4398046511104.000 Z=4398046511104.000) RuntimeGrid:None EditorOnly:0 RuntimeOnly:0 HLODRelevant:0 ListedInSceneOutliner:1 IsMainWorldOnly:0 FolderPath:Lighting FolderGuid:963EC3EB4002CCE9759E2EBA541A873A
 |   |   |- Guid:3E2A17324D804892EBB726B6AB204C79 BaseClass: NativeClass:/Script/Engine.StaticMeshActor Name:StaticMeshActor_UAID_A4AE111137DC5EFB00_1110535423 Label:SM_SkySphere SpatiallyLoaded:0 Bounds:IsValid=true, Min=(X=-16384.000 Y=-1638400.000 Z=-1638400.000), Max=(X=16384.000 Y=1638400.000 Z=1638400.000) RuntimeGrid:None EditorOnly:0 RuntimeOnly:0 HLODRelevant:1 ListedInSceneOutliner:1 IsMainWorldOnly:0 FolderPath:Lighting FolderGuid:963EC3EB4002CCE9759E2EBA541A873A
 |   |   |- Guid:4750D41D4874687F3B68E2B43AFBFE56 BaseClass: NativeClass:/Script/Engine.StaticMeshActor Name:StaticMeshActor_UAID_F80DAC1C66D4E25202_1637717864 Label:Floor_400x401 SpatiallyLoaded:1 Bounds:IsValid=true, Min=(X=400.000 Y=-400.000 Z=-20.000), Max=(X=1600.000 Y=0.000 Z=0.000) RuntimeGrid:None EditorOnly:0 RuntimeOnly:0 HLODRelevant:1 ListedInSceneOutliner:1 IsMainWorldOnly:0 FolderPath:Room 4/Floors FolderGuid:C745C5544BAB79819341BCA1BB8FD42D
 |   |   |- Guid:4C54F4254E2493B675263C92D33F7533 BaseClass: NativeClass:/Script/Engine.StaticMeshActor Name:StaticMeshActor_UAID_F80DAC1C66D4E25202_1863502874 Label:Wall_400x407 SpatiallyLoaded:1 Bounds:IsValid=true, Min=(X=1590.000 Y=800.000 Z=0.000), Max=(X=1610.000 Y=1200.000 Z=500.000) RuntimeGrid:None EditorOnly:0 RuntimeOnly:0 HLODRelevant:1 ListedInSceneOutliner:1 IsMainWorldOnly:0
 |   |   |- Guid:5B94B34F4CF573C45688E4BEA543148B BaseClass: NativeClass:/Script/Engine.StaticMeshActor Name:StaticMeshActor_UAID_F80DAC1C66D4E35202_1408259076 Label:Wall_400x416 SpatiallyLoaded:1 Bounds:IsValid=true, Min=(X=3190.000 Y=1600.000 Z=0.000), Max=(X=3210.000 Y=2000.000 Z=500.000) RuntimeGrid:None EditorOnly:0 RuntimeOnly:0 HLODRelevant:1 ListedInSceneOutliner:1 IsMainWorldOnly:0
 |   |   |- Guid:5F9122B4429D329DC0853BB3D8F50F90 BaseClass: NativeClass:/Script/Engine.StaticMeshActor Name:StaticMeshActor_UAID_F80DAC1C66D4E35202_1225721066 Label:SM_AssetPlatform5 SpatiallyLoaded:1 Bounds:IsValid=true, Min=(X=150.000 Y=50.000 Z=-0.675), Max=(X=250.000 Y=150.000 Z=135.000) RuntimeGrid:None EditorOnly:0 RuntimeOnly:0 HLODRelevant:1 ListedInSceneOutliner:1 IsMainWorldOnly:0
 |   |   |- Guid:5FD2E7BE4535906B5A0468AEE586FB52 BaseClass: NativeClass:/Script/Engine.StaticMeshActor Name:StaticMeshActor_UAID_F80DAC1C66D4E35202_1261137069 Label:Shape_Cube SpatiallyLoaded:1 Bounds:IsValid=true, Min=(X=2250.000 Y=-575.000 Z=100.000), Max=(X=2350.000 Y=575.000 Z=200.000) RuntimeGrid:None EditorOnly:0 RuntimeOnly:0 HLODRelevant:1 ListedInSceneOutliner:1 IsMainWorldOnly:0
 |   |   |- Guid:617D9E3B4C5E393DDCBFA58705C8FD23 BaseClass: NativeClass:/Script/Engine.StaticMeshActor Name:StaticMeshActor_UAID_F80DAC1C66D4E25202_1783110867 Label:Wall_400x401 SpatiallyLoaded:1 Bounds:IsValid=true, Min=(X=-10.000 Y=-0.000 Z=0.000), Max=(X=10.000 Y=1200.000 Z=500.000) RuntimeGrid:None EditorOnly:0 RuntimeOnly:0 HLODRelevant:1 ListedInSceneOutliner:1 IsMainWorldOnly:0 FolderPath:Room 4/Walls FolderGuid:CCFC1E654EF37644CF4108941254D3A4
 |   |   |- Guid:634E1F8B4943CD97B9F52D8332784052 BaseClass: NativeClass:/Script/Engine.StaticMeshActor Name:StaticMeshActor_UAID_F80DAC1C66D4E25202_1997518882 Label:Wall_400x413 SpatiallyLoaded:1 Bounds:IsValid=true, Min=(X=1600.000 Y=790.000 Z=100.000), Max=(X=2400.000 Y=810.000 Z=500.000) RuntimeGrid:None EditorOnly:0 RuntimeOnly:0 HLODRelevant:1 ListedInSceneOutliner:1 IsMainWorldOnly:0 FolderPath:Room FolderGuid:48D5E97C45BA038E5D39FDAF85177194
 |   |   |- Guid:650CC9994F51C4652CF6149B01EEC74F BaseClass: NativeClass:/Script/Engine.StaticMeshActor Name:StaticMeshActor_UAID_F80DAC1C66D4E35202_1421297079 Label:Wall_400x419 SpatiallyLoaded:1 Bounds:IsValid=true, Min=(X=3200.000 Y=1590.000 Z=0.000), Max=(X=3600.000 Y=1610.000 Z=500.000) RuntimeGrid:None EditorOnly:0 RuntimeOnly:0 HLODRelevant:1 ListedInSceneOutliner:1 IsMainWorldOnly:0
 |   |   |- Guid:6EF6E25E4CBEE78A99FCB4B2438D311F BaseClass: NativeClass:/Script/Engine.StaticMeshActor Name:StaticMeshActor_UAID_F80DAC1C66D4E25202_1936715877 Label:Wall_400x408 SpatiallyLoaded:1 Bounds:IsValid=true, Min=(X=1200.000 Y=-410.000 Z=0.000), Max=(X=1600.000 Y=-390.000 Z=200.000) RuntimeGrid:None EditorOnly:0 RuntimeOnly:0 HLODRelevant:1 ListedInSceneOutliner:1 IsMainWorldOnly:0
 |   |   |- Guid:7592D8AB4488921BEE4A308FF870E3CB BaseClass: NativeClass:/Script/Engine.StaticMeshActor Name:StaticMeshActor_UAID_F80DAC1C66D4E35202_1416634078 Label:Wall_400x418 SpatiallyLoaded:1 Bounds:IsValid=true, Min=(X=2000.000 Y=1990.000 Z=0.000), Max=(X=2400.000 Y=2010.000 Z=500.000) RuntimeGrid:None EditorOnly:0 RuntimeOnly:0 HLODRelevant:1 ListedInSceneOutliner:1 IsMainWorldOnly:0
 |   |   |- Guid:76F31F554FFB1B3FE23B2FA2ABCA05B7 BaseClass: NativeClass:/Script/Engine.StaticMeshActor Name:StaticMeshActor_UAID_F80DAC1C66D4E35202_1327532071 Label:Floor_400x405 SpatiallyLoaded:1 Bounds:IsValid=true, Min=(X=1600.000 Y=1200.000 Z=-20.000), Max=(X=3600.000 Y=1600.000 Z=0.000) RuntimeGrid:None EditorOnly:0 RuntimeOnly:0 HLODRelevant:1 ListedInSceneOutliner:1 IsMainWorldOnly:0 FolderPath:Room FolderGuid:48D5E97C45BA038E5D39FDAF85177194
 |   |   |- Guid:81BC7C8343C6F702D0A43997471BEC67 BaseClass: NativeClass:/Script/Engine.StaticMeshActor Name:StaticMeshActor_UAID_F80DAC1C66D4E35202_1452220085 Label:Wall_400x425 SpatiallyLoaded:1 Bounds:IsValid=true, Min=(X=1600.000 Y=1590.000 Z=0.000), Max=(X=2000.000 Y=1610.000 Z=500.000) RuntimeGrid:None EditorOnly:0 RuntimeOnly:0 HLODRelevant:1 ListedInSceneOutliner:1 IsMainWorldOnly:0
 |   |   |- Guid:8997F41D41334E583BDB94B3C5D8E135 BaseClass: NativeClass:/Script/Engine.VolumetricCloud Name:VolumetricCloud_0 Label:VolumetricCloud SpatiallyLoaded:0 Bounds:IsValid=true, Min=(X=0.000 Y=0.000 Z=820.000), Max=(X=0.000 Y=0.000 Z=820.000) RuntimeGrid:None EditorOnly:0 RuntimeOnly:0 HLODRelevant:0 ListedInSceneOutliner:1 IsMainWorldOnly:0 FolderPath:Lighting FolderGuid:963EC3EB4002CCE9759E2EBA541A873A
 |   |   |- Guid:8A63E48E40209B96E2490C9F5CF2AC09 BaseClass: NativeClass:/Script/Engine.StaticMeshActor Name:StaticMeshActor_UAID_F80DAC1C66D4E35202_1403520075 Label:Wall_400x415 SpatiallyLoaded:1 Bounds:IsValid=true, Min=(X=1990.000 Y=1600.000 Z=0.000), Max=(X=2010.000 Y=2000.000 Z=500.000) RuntimeGrid:None EditorOnly:0 RuntimeOnly:0 HLODRelevant:1 ListedInSceneOutliner:1 IsMainWorldOnly:0
 |   |   |- Guid:8C34F91843811A0D644E5AAFE99587EF BaseClass: NativeClass:/Script/Engine.StaticMeshActor Name:StaticMeshActor_UAID_F80DAC1C66D4E35202_1230924067 Label:SM_AssetPlatform6 SpatiallyLoaded:1 Bounds:IsValid=true, Min=(X=1450.000 Y=1050.000 Z=-0.675), Max=(X=1550.000 Y=1150.000 Z=135.000) RuntimeGrid:None EditorOnly:0 RuntimeOnly:0 HLODRelevant:1 ListedInSceneOutliner:1 IsMainWorldOnly:0
 |   |   |- Guid:96F902674376DA40F6A252BF3203EB9A BaseClass: NativeClass:/Script/Engine.WorldDataLayers Name:WorldDataLayers Label:WorldDataLayers SpatiallyLoaded:0 Bounds:Invalid RuntimeGrid:None EditorOnly:0 RuntimeOnly:0 HLODRelevant:0 ListedInSceneOutliner:1 IsMainWorldOnly:1
 |   |   |- Guid:9EA64ABE4C408518E9BC23AB6A1CBE00 BaseClass: NativeClass:/Script/Engine.StaticMeshActor Name:StaticMeshActor_UAID_F80DAC1C66D4E35202_1300552070 Label:Shape_Cube2 SpatiallyLoaded:1 Bounds:IsValid=true, Min=(X=235.681 Y=1838.978 Z=-8.097), Max=(X=935.681 Y=1938.978 Z=91.903) RuntimeGrid:None EditorOnly:0 RuntimeOnly:0 HLODRelevant:1 ListedInSceneOutliner:1 IsMainWorldOnly:0
 |   |   |- Guid:9F701C334EA3ED469CC3F6B978B65CB2 BaseClass: NativeClass:/Script/Engine.PlayerStart Name:PlayerStart_0 Label:PlayerStart SpatiallyLoaded:0 Bounds:IsValid=true, Min=(X=860.000 Y=1070.000 Z=0.013), Max=(X=940.000 Y=1150.000 Z=184.013) RuntimeGrid:None EditorOnly:0 RuntimeOnly:0 HLODRelevant:0 ListedInSceneOutliner:1 IsMainWorldOnly:0
 |   |   |- Guid:9FF746EF43ECD483F0079EB1D12A5C63 BaseClass: NativeClass:/Script/Engine.StaticMeshActor Name:StaticMeshActor_UAID_F80DAC1C66D4E25202_2105305884 Label:Wall_400x414 SpatiallyLoaded:1 Bounds:IsValid=true, Min=(X=1590.000 Y=400.000 Z=0.000), Max=(X=1610.000 Y=800.000 Z=100.000) RuntimeGrid:None EditorOnly:0 RuntimeOnly:0 HLODRelevant:1 ListedInSceneOutliner:1 IsMainWorldOnly:0
 |   |   |- Guid:A51025DD48FC07A412DC05AEEB457702 BaseClass: NativeClass:/Script/Engine.StaticMeshActor Name:StaticMeshActor_UAID_F80DAC1C66D4E35202_1233958068 Label:SM_AssetPlatform7 SpatiallyLoaded:1 Bounds:IsValid=true, Min=(X=1450.000 Y=1850.000 Z=-0.675), Max=(X=1550.000 Y=1950.000 Z=135.000) RuntimeGrid:None EditorOnly:0 RuntimeOnly:0 HLODRelevant:1 ListedInSceneOutliner:1 IsMainWorldOnly:0
 |   |   |- Guid:A53584484E82E7D5229C89A3E0D90DC8 BaseClass: NativeClass:/Script/Engine.StaticMeshActor Name:StaticMeshActor_UAID_F80DAC1C66D4E35202_1364152072 Label:Floor_400x406 SpatiallyLoaded:1 Bounds:IsValid=true, Min=(X=2000.000 Y=1600.000 Z=-20.000), Max=(X=3200.000 Y=2000.000 Z=0.000) RuntimeGrid:None EditorOnly:0 RuntimeOnly:0 HLODRelevant:1 ListedInSceneOutliner:1 IsMainWorldOnly:0 FolderPath:Room FolderGuid:48D5E97C45BA038E5D39FDAF85177194
 |   |   |- Guid:AEAE58714DE43A527760DA8473535174 BaseClass: NativeClass:/Script/Engine.StaticMeshActor Name:StaticMeshActor_UAID_F80DAC1C66D4E25202_1826954871 Label:Wall_400x405 SpatiallyLoaded:1 Bounds:IsValid=true, Min=(X=0.000 Y=1987.500 Z=0.000), Max=(X=1600.000 Y=2012.500 Z=500.000) RuntimeGrid:None EditorOnly:0 RuntimeOnly:0 HLODRelevant:1 ListedInSceneOutliner:1 IsMainWorldOnly:0 FolderPath:Room 4/Walls FolderGuid:CCFC1E654EF37644CF4108941254D3A4
 |   |   |- Guid:B143C8E949CF8A1D3AB84881DDE8D78C BaseClass: NativeClass:/Script/Engine.StaticMeshActor Name:StaticMeshActor_UAID_F80DAC1C66D4E35202_1502029088 Label:Shape_Cube4 SpatiallyLoaded:1 Bounds:IsValid=true, Min=(X=2900.000 Y=1700.000 Z=0.000), Max=(X=3100.000 Y=1900.000 Z=525.000) RuntimeGrid:None EditorOnly:0 RuntimeOnly:0 HLODRelevant:1 ListedInSceneOutliner:1 IsMainWorldOnly:0
 |   |   |- Guid:B1C0B3944E084EA7776D8D9D9E6300D7 BaseClass: NativeClass:/Script/Engine.StaticMeshActor Name:StaticMeshActor_UAID_F80DAC1C66D4E25202_1849371872 Label:Wall_400x406 SpatiallyLoaded:1 Bounds:IsValid=true, Min=(X=1590.000 Y=1600.000 Z=0.000), Max=(X=1610.000 Y=2000.000 Z=500.000) RuntimeGrid:None EditorOnly:0 RuntimeOnly:0 HLODRelevant:1 ListedInSceneOutliner:1 IsMainWorldOnly:0
 |   |   |- Guid:B412A28545C43844FACCC1BA4E0D9B3A BaseClass: NativeClass:/Script/Engine.StaticMeshActor Name:StaticMeshActor_UAID_F80DAC1C66D4E25202_1813587870 Label:Wall_400x404 SpatiallyLoaded:1 Bounds:IsValid=true, Min=(X=400.000 Y=-410.000 Z=0.000), Max=(X=1200.000 Y=-390.000 Z=500.000) RuntimeGrid:None EditorOnly:0 RuntimeOnly:0 HLODRelevant:1 ListedInSceneOutliner:1 IsMainWorldOnly:0 FolderPath:Room 4/Walls FolderGuid:CCFC1E654EF37644CF4108941254D3A4
 |   |   |- Guid:B4C356B54885DC3BE529918A9227F5F0 BaseClass: NativeClass:/Script/Engine.StaticMeshActor Name:StaticMeshActor_UAID_F80DAC1C66D4E25202_1802093868 Label:Wall_400x402 SpatiallyLoaded:1 Bounds:IsValid=true, Min=(X=0.000 Y=-10.000 Z=0.000), Max=(X=400.000 Y=10.000 Z=500.000) RuntimeGrid:None EditorOnly:0 RuntimeOnly:0 HLODRelevant:1 ListedInSceneOutliner:1 IsMainWorldOnly:0
 |   |   |- Guid:BF1E7460419B77700AEBA581022CC06D BaseClass: NativeClass:/Script/Engine.StaticMeshActor Name:StaticMeshActor_UAID_F80DAC1C66D4E35202_1446974084 Label:Wall_400x424 SpatiallyLoaded:1 Bounds:IsValid=true, Min=(X=3190.000 Y=400.000 Z=0.000), Max=(X=3210.000 Y=1200.000 Z=500.000) RuntimeGrid:None EditorOnly:0 RuntimeOnly:0 HLODRelevant:1 ListedInSceneOutliner:1 IsMainWorldOnly:0
 |   |   |- Guid:C135EF194621DD2AD41434AD2BB82BD1 BaseClass: NativeClass:/Script/Engine.StaticMeshActor Name:StaticMeshActor_UAID_F80DAC1C66D4E35202_1429460081 Label:Wall_400x421 SpatiallyLoaded:1 Bounds:IsValid=true, Min=(X=3590.000 Y=1200.000 Z=0.000), Max=(X=3610.000 Y=1600.000 Z=500.000) RuntimeGrid:None EditorOnly:0 RuntimeOnly:0 HLODRelevant:1 ListedInSceneOutliner:1 IsMainWorldOnly:0
 |   |   |- Guid:C6634A134DC77E130E2340BD41DB797B BaseClass: NativeClass:/Script/Engine.StaticMeshActor Name:StaticMeshActor_UAID_F80DAC1C66D4E25202_1859002873 Label:Wall_Door_400x401 SpatiallyLoaded:1 Bounds:IsValid=true, Min=(X=1590.000 Y=1200.000 Z=0.000), Max=(X=1610.000 Y=1600.000 Z=500.000) RuntimeGrid:None EditorOnly:0 RuntimeOnly:0 HLODRelevant:1 ListedInSceneOutliner:1 IsMainWorldOnly:0 FolderPath:Room FolderGuid:48D5E97C45BA038E5D39FDAF85177194
 |   |   |- Guid:C7A1913E428A475FD1B30493AB8DABAF BaseClass: NativeClass:/Script/Engine.SkyLight Name:SkyLight_1 Label:SkyLight SpatiallyLoaded:0 Bounds:IsValid=true, Min=(X=0.000 Y=0.000 Z=690.000), Max=(X=0.000 Y=0.000 Z=690.000) RuntimeGrid:None EditorOnly:0 RuntimeOnly:0 HLODRelevant:0 ListedInSceneOutliner:1 IsMainWorldOnly:0 FolderPath:Lighting FolderGuid:963EC3EB4002CCE9759E2EBA541A873A
 |   |   |- Guid:C855AB374DBEB02CA3A730A734AF1274 BaseClass: NativeClass:/Script/Engine.StaticMeshActor Name:StaticMeshActor_UAID_F80DAC1C66D4E35202_1412088077 Label:Wall_400x417 SpatiallyLoaded:1 Bounds:IsValid=true, Min=(X=2800.000 Y=1990.000 Z=0.000), Max=(X=3200.000 Y=2010.000 Z=500.000) RuntimeGrid:None EditorOnly:0 RuntimeOnly:0 HLODRelevant:1 ListedInSceneOutliner:1 IsMainWorldOnly:0
 |   |   |- Guid:CBFF85CB4F874272202E53B6316D09BA BaseClass: NativeClass:/Script/Engine.StaticMeshActor Name:StaticMeshActor_UAID_F80DAC1C66D4E25202_2074037883 Label:Floor_400x404 SpatiallyLoaded:1 Bounds:IsValid=true, Min=(X=1200.000 Y=400.000 Z=-19.319), Max=(X=1591.547 Y=800.000 Z=103.528) RuntimeGrid:None EditorOnly:0 RuntimeOnly:0 HLODRelevant:1 ListedInSceneOutliner:1 IsMainWorldOnly:0
 |   |   |- Guid:CF9045EB44DE11F9D5B2DF8E7801BDD3 BaseClass: NativeClass:/Script/Engine.StaticMeshActor Name:StaticMeshActor_UAID_F80DAC1C66D4E25202_1975266880 Label:Wall_400x411 SpatiallyLoaded:1 Bounds:IsValid=true, Min=(X=1200.000 Y=-810.000 Z=100.000), Max=(X=2400.000 Y=-790.000 Z=500.000) RuntimeGrid:None EditorOnly:0 RuntimeOnly:0 HLODRelevant:1 ListedInSceneOutliner:1 IsMainWorldOnly:0 FolderPath:Room FolderGuid:48D5E97C45BA038E5D39FDAF85177194
 |   |   |- Guid:D2F0A01F430E2AB287BABBA8C17D103A BaseClass: NativeClass:/Script/Engine.StaticMeshActor Name:StaticMeshActor_UAID_F80DAC1C66D4E35202_1377728073 Label:Floor_400x407 SpatiallyLoaded:1 Bounds:IsValid=true, Min=(X=3200.000 Y=400.000 Z=-20.000), Max=(X=4000.000 Y=1200.000 Z=0.000) RuntimeGrid:None EditorOnly:0 RuntimeOnly:0 HLODRelevant:1 ListedInSceneOutliner:1 IsMainWorldOnly:0 FolderPath:Room FolderGuid:48D5E97C45BA038E5D39FDAF85177194
 |   |   |- Guid:DB2C8A9746BD8C21E1E191AD4C7FFA75 BaseClass: NativeClass:/Script/Engine.StaticMeshActor Name:StaticMeshActor_UAID_F80DAC1C66D4E25202_1582379863 Label:Floor_400x400 SpatiallyLoaded:1 Bounds:IsValid=true, Min=(X=0.000 Y=0.000 Z=-20.000), Max=(X=1600.000 Y=2000.000 Z=0.000) RuntimeGrid:None EditorOnly:0 RuntimeOnly:0 HLODRelevant:1 ListedInSceneOutliner:1 IsMainWorldOnly:0 FolderPath:Room 4/Floors FolderGuid:C745C5544BAB79819341BCA1BB8FD42D
 |   |   |- Guid:DE71F38D42EAE32B817ECCB556F8F60D BaseClass: NativeClass:/Script/Engine.StaticMeshActor Name:StaticMeshActor_UAID_F80DAC1C66D4E35202_1441936083 Label:Wall_400x423 SpatiallyLoaded:1 Bounds:IsValid=true, Min=(X=3990.000 Y=400.000 Z=0.000), Max=(X=4010.000 Y=1200.000 Z=500.000) RuntimeGrid:None EditorOnly:0 RuntimeOnly:0 HLODRelevant:1 ListedInSceneOutliner:1 IsMainWorldOnly:0
 |   |   |- Guid:DF609D5E44E1004BF065FF8CF25008A0 BaseClass: NativeClass:/Script/Engine.PostProcessVolume Name:PostProcessVolume_0 Label:PostProcessVolume SpatiallyLoaded:0 Bounds:IsValid=true, Min=(X=0.000 Y=0.000 Z=400.000), Max=(X=200.000 Y=200.000 Z=600.000) RuntimeGrid:None EditorOnly:0 RuntimeOnly:0 HLODRelevant:0 ListedInSceneOutliner:1 IsMainWorldOnly:0 FolderPath:Lighting FolderGuid:963EC3EB4002CCE9759E2EBA541A873A
 |   |   |- Guid:DFB304A4423604EE37086F83F042BB38 BaseClass: NativeClass:/Script/Engine.StaticMeshActor Name:StaticMeshActor_UAID_F80DAC1C66D4E25202_1982969881 Label:Wall_400x412 SpatiallyLoaded:1 Bounds:IsValid=true, Min=(X=2390.000 Y=-800.000 Z=100.000), Max=(X=2410.000 Y=800.000 Z=500.000) RuntimeGrid:None EditorOnly:0 RuntimeOnly:0 HLODRelevant:1 ListedInSceneOutliner:1 IsMainWorldOnly:0 FolderPath:Room FolderGuid:48D5E97C45BA038E5D39FDAF85177194
 |   |   |- Guid:E2348B9F414358341B85FC98DF2D1403 BaseClass: NativeClass:/Script/Engine.StaticMeshActor Name:StaticMeshActor_UAID_F80DAC1C66D4E35202_1551501089 Label:Shape_Cube5 SpatiallyLoaded:1 Bounds:IsValid=true, Min=(X=2100.000 Y=1700.000 Z=0.000), Max=(X=2300.000 Y=1900.000 Z=525.000) RuntimeGrid:None EditorOnly:0 RuntimeOnly:0 HLODRelevant:1 ListedInSceneOutliner:1 IsMainWorldOnly:0
 |   |   |- Guid:EDAF112E42B170D4253F76B0AE99055B BaseClass: NativeClass:/Script/Engine.StaticMeshActor Name:StaticMeshActor_UAID_F80DAC1C66D4E35202_1434523082 Label:Wall_400x422 SpatiallyLoaded:1 Bounds:IsValid=true, Min=(X=3200.000 Y=390.000 Z=0.000), Max=(X=4000.000 Y=410.000 Z=500.000) RuntimeGrid:None EditorOnly:0 RuntimeOnly:0 HLODRelevant:1 ListedInSceneOutliner:1 IsMainWorldOnly:0
 |   |   |- Guid:EED2712A4B69CAE51DD2A0B7530A18FC BaseClass: NativeClass:/Script/Engine.StaticMeshActor Name:StaticMeshActor_UAID_F80DAC1C66D4E25202_1968547879 Label:Wall_400x410 SpatiallyLoaded:1 Bounds:IsValid=true, Min=(X=1190.000 Y=-800.000 Z=100.000), Max=(X=1210.000 Y=-400.000 Z=500.000) RuntimeGrid:None EditorOnly:0 RuntimeOnly:0 HLODRelevant:1 ListedInSceneOutliner:1 IsMainWorldOnly:0
 |   |   |- Guid:F843DAF34E9D01AB8CAEF7969184790B BaseClass: NativeClass:/Script/Engine.StaticMeshActor Name:StaticMeshActor_UAID_F80DAC1C66D4E25202_1946834878 Label:Wall_400x409 SpatiallyLoaded:1 Bounds:IsValid=true, Min=(X=1590.000 Y=-400.000 Z=0.000), Max=(X=1610.000 Y=400.000 Z=200.000) RuntimeGrid:None EditorOnly:0 RuntimeOnly:0 HLODRelevant:1 ListedInSceneOutliner:1 IsMainWorldOnly:0
 |   |   |- Guid:F9FF1FA14BFFB1915ABCC5B210F0973B BaseClass: NativeClass:/Script/Engine.StaticMeshActor Name:StaticMeshActor_UAID_F80DAC1C66D4E25202_2123772885 Label:SM_AssetPlatform SpatiallyLoaded:1 Bounds:IsValid=true, Min=(X=1450.000 Y=-350.000 Z=-0.675), Max=(X=1550.000 Y=-250.000 Z=135.000) RuntimeGrid:None EditorOnly:0 RuntimeOnly:0 HLODRelevant:1 ListedInSceneOutliner:1 IsMainWorldOnly:0
 |   |   |- Guid:FC772E32415ABB7ABE72688AF02525D9 BaseClass: NativeClass:/Script/Engine.StaticMeshActor Name:StaticMeshActor_UAID_F80DAC1C66D4E25202_1806951869 Label:Wall_400x403 SpatiallyLoaded:1 Bounds:IsValid=true, Min=(X=390.000 Y=-400.000 Z=0.000), Max=(X=410.000 Y=0.000 Z=500.000) RuntimeGrid:None EditorOnly:0 RuntimeOnly:0 HLODRelevant:1 ListedInSceneOutliner:1 IsMainWorldOnly:0
 |   |   |- Guid:FF5A6941439D0251E18A0DAFC7414CFE BaseClass: NativeClass:/Script/Engine.StaticMeshActor Name:StaticMeshActor_UAID_F80DAC1C66D4E35202_1393569074 Label:Wall_Door_400x402 SpatiallyLoaded:1 Bounds:IsValid=true, Min=(X=2400.000 Y=1990.000 Z=0.000), Max=(X=2800.000 Y=2010.000 Z=500.000) RuntimeGrid:None EditorOnly:0 RuntimeOnly:0 HLODRelevant:1 ListedInSceneOutliner:1 IsMainWorldOnly:0 FolderPath:Room FolderGuid:48D5E97C45BA038E5D39FDAF85177194
 |   |- [+] Clusters:
 |   |   |- [+] [  0]
 |   |   |   |- Guid:03301BE643A2D8EC76568FB32503D9F6 BaseClass: NativeClass:/Script/Engine.StaticMeshActor Name:StaticMeshActor_UAID_F80DAC1C66D4E35202_1569073090 Label:SM_AssetPlatform8 SpatiallyLoaded:1 Bounds:IsValid=true, Min=(X=3450.000 Y=1450.000 Z=-0.675), Max=(X=3550.000 Y=1550.000 Z=135.000) RuntimeGrid:None EditorOnly:0 RuntimeOnly:0 HLODRelevant:1 ListedInSceneOutliner:1 IsMainWorldOnly:0
 |   |   |- [+] [  1]
 |   |   |   |- Guid:074AFCE34D0DA5AE7E6FF1860B87D677 BaseClass: NativeClass:/Script/Engine.StaticMeshActor Name:StaticMeshActor_UAID_F80DAC1C66D4E35202_1162863062 Label:SM_AssetPlatform2 SpatiallyLoaded:1 Bounds:IsValid=true, Min=(X=1050.000 Y=-350.000 Z=-0.675), Max=(X=1150.000 Y=-250.000 Z=135.000) RuntimeGrid:None EditorOnly:0 RuntimeOnly:0 HLODRelevant:1 ListedInSceneOutliner:1 IsMainWorldOnly:0
 |   |   |- [+] [  2]
 |   |   |   |- Guid:0BC7CCCE4D181472A575529AD8FB7D16 BaseClass: NativeClass:/Script/Engine.ExponentialHeightFog Name:ExponentialHeightFog_0 Label:ExponentialHeightFog SpatiallyLoaded:0 Bounds:IsValid=true, Min=(X=-5600.000 Y=-50.000 Z=-6850.000), Max=(X=-5600.000 Y=-50.000 Z=-6850.000) RuntimeGrid:None EditorOnly:0 RuntimeOnly:0 HLODRelevant:0 ListedInSceneOutliner:1 IsMainWorldOnly:0 FolderPath:Lighting FolderGuid:963EC3EB4002CCE9759E2EBA541A873A
 |   |   |- [+] [  3]
 |   |   |   |- Guid:0DBDF9664B20C20EAF8CB3AF162D0709 BaseClass: NativeClass:/Script/Engine.StaticMeshActor Name:StaticMeshActor_UAID_F80DAC1C66D4E25202_1767722866 Label:Wall_400x400 SpatiallyLoaded:1 Bounds:IsValid=true, Min=(X=-10.000 Y=1600.000 Z=0.000), Max=(X=10.000 Y=2000.000 Z=500.000) RuntimeGrid:None EditorOnly:0 RuntimeOnly:0 HLODRelevant:1 ListedInSceneOutliner:1 IsMainWorldOnly:0 FolderPath:Room 4/Walls FolderGuid:CCFC1E654EF37644CF4108941254D3A4
 |   |   |- [+] [  4]
 |   |   |   |- Guid:14C9A7954DFEB107C85F86AAF764846E BaseClass: NativeClass:/Script/Engine.StaticMeshActor Name:StaticMeshActor_UAID_F80DAC1C66D4E35202_1167015063 Label:SM_AssetPlatform3 SpatiallyLoaded:1 Bounds:IsValid=true, Min=(X=1450.000 Y=-50.000 Z=-0.675), Max=(X=1550.000 Y=50.000 Z=135.000) RuntimeGrid:None EditorOnly:0 RuntimeOnly:0 HLODRelevant:1 ListedInSceneOutliner:1 IsMainWorldOnly:0
 |   |   |- [+] [  5]
 |   |   |   |- Guid:1621167E43E47D4F502A4DB5B4E6CEF1 BaseClass: NativeClass:/Script/Engine.StaticMeshActor Name:StaticMeshActor_UAID_F80DAC1C66D4E25202_1874009875 Label:Floor_400x402 SpatiallyLoaded:1 Bounds:IsValid=true, Min=(X=1600.000 Y=-800.000 Z=80.000), Max=(X=2400.000 Y=800.000 Z=100.000) RuntimeGrid:None EditorOnly:0 RuntimeOnly:0 HLODRelevant:1 ListedInSceneOutliner:1 IsMainWorldOnly:0
 |   |   |- [+] [  6]
 |   |   |   |- Guid:183BEF9246D6CF0E948AC692CD55E593 BaseClass: NativeClass:/Script/Engine.StaticMeshActor Name:StaticMeshActor_UAID_F80DAC1C66D4E35202_1425350080 Label:Wall_400x420 SpatiallyLoaded:1 Bounds:IsValid=true, Min=(X=3600.000 Y=1190.000 Z=0.000), Max=(X=4000.000 Y=1210.000 Z=500.000) RuntimeGrid:None EditorOnly:0 RuntimeOnly:0 HLODRelevant:1 ListedInSceneOutliner:1 IsMainWorldOnly:0
 |   |   |- [+] [  7]
 |   |   |   |- Guid:1B1789FA44A2797FDACB36A6B028FB84 BaseClass: NativeClass:/Script/Engine.StaticMeshActor Name:StaticMeshActor_UAID_F80DAC1C66D4E25202_1917850876 Label:Floor_400x403 SpatiallyLoaded:1 Bounds:IsValid=true, Min=(X=1200.000 Y=-800.000 Z=80.000), Max=(X=1600.000 Y=-400.000 Z=100.000) RuntimeGrid:None EditorOnly:0 RuntimeOnly:0 HLODRelevant:1 ListedInSceneOutliner:1 IsMainWorldOnly:0
 |   |   |- [+] [  8]
 |   |   |   |- Guid:25FA51F649137673261B948B3899FF0B BaseClass: NativeClass:/Script/Engine.SkyAtmosphere Name:SkyAtmosphere_0 Label:SkyAtmosphere SpatiallyLoaded:0 Bounds:IsValid=true, Min=(X=0.000 Y=0.000 Z=1020.000), Max=(X=0.000 Y=0.000 Z=1020.000) RuntimeGrid:None EditorOnly:0 RuntimeOnly:0 HLODRelevant:0 ListedInSceneOutliner:1 IsMainWorldOnly:0 FolderPath:Lighting FolderGuid:963EC3EB4002CCE9759E2EBA541A873A
 |   |   |- [+] [  9]
 |   |   |   |- Guid:26060246470D381EBA5A0687FA3E0515 BaseClass: NativeClass:/Script/Engine.StaticMeshActor Name:StaticMeshActor_UAID_F80DAC1C66D4E25202_1736105865 Label:Wall_Door_400x400 SpatiallyLoaded:1 Bounds:IsValid=true, Min=(X=-10.000 Y=1200.000 Z=0.000), Max=(X=10.000 Y=1600.000 Z=500.000) RuntimeGrid:None EditorOnly:0 RuntimeOnly:0 HLODRelevant:1 ListedInSceneOutliner:1 IsMainWorldOnly:0 FolderPath:Room 4/Walls FolderGuid:CCFC1E654EF37644CF4108941254D3A4
 |   |   |- [+] [ 10]
 |   |   |   |- Guid:296067A74CF19345DC94BF8489D126E7 BaseClass: NativeClass:/Script/Engine.StaticMeshActor Name:StaticMeshActor_UAID_F80DAC1C66D4E35202_1175431064 Label:SM_AssetPlatform4 SpatiallyLoaded:1 Bounds:IsValid=true, Min=(X=450.000 Y=-350.000 Z=-0.675), Max=(X=550.000 Y=-250.000 Z=135.000) RuntimeGrid:None EditorOnly:0 RuntimeOnly:0 HLODRelevant:1 ListedInSceneOutliner:1 IsMainWorldOnly:0
 |   |   |- [+] [ 11]
 |   |   |   |- Guid:2B1083724140D9B5E66F0DBD9C19AD31 BaseClass: NativeClass:/Script/Engine.StaticMeshActor Name:StaticMeshActor_UAID_F80DAC1C66D4E35202_1458730086 Label:Wall_400x426 SpatiallyLoaded:1 Bounds:IsValid=true, Min=(X=1600.000 Y=1190.000 Z=0.000), Max=(X=3200.000 Y=1210.000 Z=500.000) RuntimeGrid:None EditorOnly:0 RuntimeOnly:0 HLODRelevant:1 ListedInSceneOutliner:1 IsMainWorldOnly:0
 |   |   |- [+] [ 12]
 |   |   |   |- Guid:31C9C0154C20D94B5A7E4297467B46D0 BaseClass: NativeClass:/Script/Engine.DirectionalLight Name:DirectionalLight_0 Label:DirectionalLight SpatiallyLoaded:0 Bounds:IsValid=true, Min=(X=-4398046511104.000 Y=-4398046511104.000 Z=-4398046511104.000), Max=(X=4398046511104.000 Y=4398046511104.000 Z=4398046511104.000) RuntimeGrid:None EditorOnly:0 RuntimeOnly:0 HLODRelevant:0 ListedInSceneOutliner:1 IsMainWorldOnly:0 FolderPath:Lighting FolderGuid:963EC3EB4002CCE9759E2EBA541A873A
 |   |   |- [+] [ 13]
 |   |   |   |- Guid:3E2A17324D804892EBB726B6AB204C79 BaseClass: NativeClass:/Script/Engine.StaticMeshActor Name:StaticMeshActor_UAID_A4AE111137DC5EFB00_1110535423 Label:SM_SkySphere SpatiallyLoaded:0 Bounds:IsValid=true, Min=(X=-16384.000 Y=-1638400.000 Z=-1638400.000), Max=(X=16384.000 Y=1638400.000 Z=1638400.000) RuntimeGrid:None EditorOnly:0 RuntimeOnly:0 HLODRelevant:1 ListedInSceneOutliner:1 IsMainWorldOnly:0 FolderPath:Lighting FolderGuid:963EC3EB4002CCE9759E2EBA541A873A
 |   |   |- [+] [ 14]
 |   |   |   |- Guid:4750D41D4874687F3B68E2B43AFBFE56 BaseClass: NativeClass:/Script/Engine.StaticMeshActor Name:StaticMeshActor_UAID_F80DAC1C66D4E25202_1637717864 Label:Floor_400x401 SpatiallyLoaded:1 Bounds:IsValid=true, Min=(X=400.000 Y=-400.000 Z=-20.000), Max=(X=1600.000 Y=0.000 Z=0.000) RuntimeGrid:None EditorOnly:0 RuntimeOnly:0 HLODRelevant:1 ListedInSceneOutliner:1 IsMainWorldOnly:0 FolderPath:Room 4/Floors FolderGuid:C745C5544BAB79819341BCA1BB8FD42D
 |   |   |- [+] [ 15]
 |   |   |   |- Guid:4C54F4254E2493B675263C92D33F7533 BaseClass: NativeClass:/Script/Engine.StaticMeshActor Name:StaticMeshActor_UAID_F80DAC1C66D4E25202_1863502874 Label:Wall_400x407 SpatiallyLoaded:1 Bounds:IsValid=true, Min=(X=1590.000 Y=800.000 Z=0.000), Max=(X=1610.000 Y=1200.000 Z=500.000) RuntimeGrid:None EditorOnly:0 RuntimeOnly:0 HLODRelevant:1 ListedInSceneOutliner:1 IsMainWorldOnly:0
 |   |   |- [+] [ 16]
 |   |   |   |- Guid:5B94B34F4CF573C45688E4BEA543148B BaseClass: NativeClass:/Script/Engine.StaticMeshActor Name:StaticMeshActor_UAID_F80DAC1C66D4E35202_1408259076 Label:Wall_400x416 SpatiallyLoaded:1 Bounds:IsValid=true, Min=(X=3190.000 Y=1600.000 Z=0.000), Max=(X=3210.000 Y=2000.000 Z=500.000) RuntimeGrid:None EditorOnly:0 RuntimeOnly:0 HLODRelevant:1 ListedInSceneOutliner:1 IsMainWorldOnly:0
 |   |   |- [+] [ 17]
 |   |   |   |- Guid:5F9122B4429D329DC0853BB3D8F50F90 BaseClass: NativeClass:/Script/Engine.StaticMeshActor Name:StaticMeshActor_UAID_F80DAC1C66D4E35202_1225721066 Label:SM_AssetPlatform5 SpatiallyLoaded:1 Bounds:IsValid=true, Min=(X=150.000 Y=50.000 Z=-0.675), Max=(X=250.000 Y=150.000 Z=135.000) RuntimeGrid:None EditorOnly:0 RuntimeOnly:0 HLODRelevant:1 ListedInSceneOutliner:1 IsMainWorldOnly:0
 |   |   |- [+] [ 18]
 |   |   |   |- Guid:5FD2E7BE4535906B5A0468AEE586FB52 BaseClass: NativeClass:/Script/Engine.StaticMeshActor Name:StaticMeshActor_UAID_F80DAC1C66D4E35202_1261137069 Label:Shape_Cube SpatiallyLoaded:1 Bounds:IsValid=true, Min=(X=2250.000 Y=-575.000 Z=100.000), Max=(X=2350.000 Y=575.000 Z=200.000) RuntimeGrid:None EditorOnly:0 RuntimeOnly:0 HLODRelevant:1 ListedInSceneOutliner:1 IsMainWorldOnly:0
 |   |   |- [+] [ 19]
 |   |   |   |- Guid:617D9E3B4C5E393DDCBFA58705C8FD23 BaseClass: NativeClass:/Script/Engine.StaticMeshActor Name:StaticMeshActor_UAID_F80DAC1C66D4E25202_1783110867 Label:Wall_400x401 SpatiallyLoaded:1 Bounds:IsValid=true, Min=(X=-10.000 Y=-0.000 Z=0.000), Max=(X=10.000 Y=1200.000 Z=500.000) RuntimeGrid:None EditorOnly:0 RuntimeOnly:0 HLODRelevant:1 ListedInSceneOutliner:1 IsMainWorldOnly:0 FolderPath:Room 4/Walls FolderGuid:CCFC1E654EF37644CF4108941254D3A4
 |   |   |- [+] [ 20]
 |   |   |   |- Guid:634E1F8B4943CD97B9F52D8332784052 BaseClass: NativeClass:/Script/Engine.StaticMeshActor Name:StaticMeshActor_UAID_F80DAC1C66D4E25202_1997518882 Label:Wall_400x413 SpatiallyLoaded:1 Bounds:IsValid=true, Min=(X=1600.000 Y=790.000 Z=100.000), Max=(X=2400.000 Y=810.000 Z=500.000) RuntimeGrid:None EditorOnly:0 RuntimeOnly:0 HLODRelevant:1 ListedInSceneOutliner:1 IsMainWorldOnly:0 FolderPath:Room FolderGuid:48D5E97C45BA038E5D39FDAF85177194
 |   |   |- [+] [ 21]
 |   |   |   |- Guid:650CC9994F51C4652CF6149B01EEC74F BaseClass: NativeClass:/Script/Engine.StaticMeshActor Name:StaticMeshActor_UAID_F80DAC1C66D4E35202_1421297079 Label:Wall_400x419 SpatiallyLoaded:1 Bounds:IsValid=true, Min=(X=3200.000 Y=1590.000 Z=0.000), Max=(X=3600.000 Y=1610.000 Z=500.000) RuntimeGrid:None EditorOnly:0 RuntimeOnly:0 HLODRelevant:1 ListedInSceneOutliner:1 IsMainWorldOnly:0
 |   |   |- [+] [ 22]
 |   |   |   |- Guid:6EF6E25E4CBEE78A99FCB4B2438D311F BaseClass: NativeClass:/Script/Engine.StaticMeshActor Name:StaticMeshActor_UAID_F80DAC1C66D4E25202_1936715877 Label:Wall_400x408 SpatiallyLoaded:1 Bounds:IsValid=true, Min=(X=1200.000 Y=-410.000 Z=0.000), Max=(X=1600.000 Y=-390.000 Z=200.000) RuntimeGrid:None EditorOnly:0 RuntimeOnly:0 HLODRelevant:1 ListedInSceneOutliner:1 IsMainWorldOnly:0
 |   |   |- [+] [ 23]
 |   |   |   |- Guid:7592D8AB4488921BEE4A308FF870E3CB BaseClass: NativeClass:/Script/Engine.StaticMeshActor Name:StaticMeshActor_UAID_F80DAC1C66D4E35202_1416634078 Label:Wall_400x418 SpatiallyLoaded:1 Bounds:IsValid=true, Min=(X=2000.000 Y=1990.000 Z=0.000), Max=(X=2400.000 Y=2010.000 Z=500.000) RuntimeGrid:None EditorOnly:0 RuntimeOnly:0 HLODRelevant:1 ListedInSceneOutliner:1 IsMainWorldOnly:0
 |   |   |- [+] [ 24]
 |   |   |   |- Guid:76F31F554FFB1B3FE23B2FA2ABCA05B7 BaseClass: NativeClass:/Script/Engine.StaticMeshActor Name:StaticMeshActor_UAID_F80DAC1C66D4E35202_1327532071 Label:Floor_400x405 SpatiallyLoaded:1 Bounds:IsValid=true, Min=(X=1600.000 Y=1200.000 Z=-20.000), Max=(X=3600.000 Y=1600.000 Z=0.000) RuntimeGrid:None EditorOnly:0 RuntimeOnly:0 HLODRelevant:1 ListedInSceneOutliner:1 IsMainWorldOnly:0 FolderPath:Room FolderGuid:48D5E97C45BA038E5D39FDAF85177194
 |   |   |- [+] [ 25]
 |   |   |   |- Guid:81BC7C8343C6F702D0A43997471BEC67 BaseClass: NativeClass:/Script/Engine.StaticMeshActor Name:StaticMeshActor_UAID_F80DAC1C66D4E35202_1452220085 Label:Wall_400x425 SpatiallyLoaded:1 Bounds:IsValid=true, Min=(X=1600.000 Y=1590.000 Z=0.000), Max=(X=2000.000 Y=1610.000 Z=500.000) RuntimeGrid:None EditorOnly:0 RuntimeOnly:0 HLODRelevant:1 ListedInSceneOutliner:1 IsMainWorldOnly:0
 |   |   |- [+] [ 26]
 |   |   |   |- Guid:8997F41D41334E583BDB94B3C5D8E135 BaseClass: NativeClass:/Script/Engine.VolumetricCloud Name:VolumetricCloud_0 Label:VolumetricCloud SpatiallyLoaded:0 Bounds:IsValid=true, Min=(X=0.000 Y=0.000 Z=820.000), Max=(X=0.000 Y=0.000 Z=820.000) RuntimeGrid:None EditorOnly:0 RuntimeOnly:0 HLODRelevant:0 ListedInSceneOutliner:1 IsMainWorldOnly:0 FolderPath:Lighting FolderGuid:963EC3EB4002CCE9759E2EBA541A873A
 |   |   |- [+] [ 27]
 |   |   |   |- Guid:8A63E48E40209B96E2490C9F5CF2AC09 BaseClass: NativeClass:/Script/Engine.StaticMeshActor Name:StaticMeshActor_UAID_F80DAC1C66D4E35202_1403520075 Label:Wall_400x415 SpatiallyLoaded:1 Bounds:IsValid=true, Min=(X=1990.000 Y=1600.000 Z=0.000), Max=(X=2010.000 Y=2000.000 Z=500.000) RuntimeGrid:None EditorOnly:0 RuntimeOnly:0 HLODRelevant:1 ListedInSceneOutliner:1 IsMainWorldOnly:0
 |   |   |- [+] [ 28]
 |   |   |   |- Guid:8C34F91843811A0D644E5AAFE99587EF BaseClass: NativeClass:/Script/Engine.StaticMeshActor Name:StaticMeshActor_UAID_F80DAC1C66D4E35202_1230924067 Label:SM_AssetPlatform6 SpatiallyLoaded:1 Bounds:IsValid=true, Min=(X=1450.000 Y=1050.000 Z=-0.675), Max=(X=1550.000 Y=1150.000 Z=135.000) RuntimeGrid:None EditorOnly:0 RuntimeOnly:0 HLODRelevant:1 ListedInSceneOutliner:1 IsMainWorldOnly:0
 |   |   |- [+] [ 29]
 |   |   |   |- Guid:96F902674376DA40F6A252BF3203EB9A BaseClass: NativeClass:/Script/Engine.WorldDataLayers Name:WorldDataLayers Label:WorldDataLayers SpatiallyLoaded:0 Bounds:Invalid RuntimeGrid:None EditorOnly:0 RuntimeOnly:0 HLODRelevant:0 ListedInSceneOutliner:1 IsMainWorldOnly:1
 |   |   |- [+] [ 30]
 |   |   |   |- Guid:9EA64ABE4C408518E9BC23AB6A1CBE00 BaseClass: NativeClass:/Script/Engine.StaticMeshActor Name:StaticMeshActor_UAID_F80DAC1C66D4E35202_1300552070 Label:Shape_Cube2 SpatiallyLoaded:1 Bounds:IsValid=true, Min=(X=235.681 Y=1838.978 Z=-8.097), Max=(X=935.681 Y=1938.978 Z=91.903) RuntimeGrid:None EditorOnly:0 RuntimeOnly:0 HLODRelevant:1 ListedInSceneOutliner:1 IsMainWorldOnly:0
 |   |   |- [+] [ 31]
 |   |   |   |- Guid:9F701C334EA3ED469CC3F6B978B65CB2 BaseClass: NativeClass:/Script/Engine.PlayerStart Name:PlayerStart_0 Label:PlayerStart SpatiallyLoaded:0 Bounds:IsValid=true, Min=(X=860.000 Y=1070.000 Z=0.013), Max=(X=940.000 Y=1150.000 Z=184.013) RuntimeGrid:None EditorOnly:0 RuntimeOnly:0 HLODRelevant:0 ListedInSceneOutliner:1 IsMainWorldOnly:0
 |   |   |- [+] [ 32]
 |   |   |   |- Guid:9FF746EF43ECD483F0079EB1D12A5C63 BaseClass: NativeClass:/Script/Engine.StaticMeshActor Name:StaticMeshActor_UAID_F80DAC1C66D4E25202_2105305884 Label:Wall_400x414 SpatiallyLoaded:1 Bounds:IsValid=true, Min=(X=1590.000 Y=400.000 Z=0.000), Max=(X=1610.000 Y=800.000 Z=100.000) RuntimeGrid:None EditorOnly:0 RuntimeOnly:0 HLODRelevant:1 ListedInSceneOutliner:1 IsMainWorldOnly:0
 |   |   |- [+] [ 33]
 |   |   |   |- Guid:A51025DD48FC07A412DC05AEEB457702 BaseClass: NativeClass:/Script/Engine.StaticMeshActor Name:StaticMeshActor_UAID_F80DAC1C66D4E35202_1233958068 Label:SM_AssetPlatform7 SpatiallyLoaded:1 Bounds:IsValid=true, Min=(X=1450.000 Y=1850.000 Z=-0.675), Max=(X=1550.000 Y=1950.000 Z=135.000) RuntimeGrid:None EditorOnly:0 RuntimeOnly:0 HLODRelevant:1 ListedInSceneOutliner:1 IsMainWorldOnly:0
 |   |   |- [+] [ 34]
 |   |   |   |- Guid:A53584484E82E7D5229C89A3E0D90DC8 BaseClass: NativeClass:/Script/Engine.StaticMeshActor Name:StaticMeshActor_UAID_F80DAC1C66D4E35202_1364152072 Label:Floor_400x406 SpatiallyLoaded:1 Bounds:IsValid=true, Min=(X=2000.000 Y=1600.000 Z=-20.000), Max=(X=3200.000 Y=2000.000 Z=0.000) RuntimeGrid:None EditorOnly:0 RuntimeOnly:0 HLODRelevant:1 ListedInSceneOutliner:1 IsMainWorldOnly:0 FolderPath:Room FolderGuid:48D5E97C45BA038E5D39FDAF85177194
 |   |   |- [+] [ 35]
 |   |   |   |- Guid:AEAE58714DE43A527760DA8473535174 BaseClass: NativeClass:/Script/Engine.StaticMeshActor Name:StaticMeshActor_UAID_F80DAC1C66D4E25202_1826954871 Label:Wall_400x405 SpatiallyLoaded:1 Bounds:IsValid=true, Min=(X=0.000 Y=1987.500 Z=0.000), Max=(X=1600.000 Y=2012.500 Z=500.000) RuntimeGrid:None EditorOnly:0 RuntimeOnly:0 HLODRelevant:1 ListedInSceneOutliner:1 IsMainWorldOnly:0 FolderPath:Room 4/Walls FolderGuid:CCFC1E654EF37644CF4108941254D3A4
 |   |   |- [+] [ 36]
 |   |   |   |- Guid:B143C8E949CF8A1D3AB84881DDE8D78C BaseClass: NativeClass:/Script/Engine.StaticMeshActor Name:StaticMeshActor_UAID_F80DAC1C66D4E35202_1502029088 Label:Shape_Cube4 SpatiallyLoaded:1 Bounds:IsValid=true, Min=(X=2900.000 Y=1700.000 Z=0.000), Max=(X=3100.000 Y=1900.000 Z=525.000) RuntimeGrid:None EditorOnly:0 RuntimeOnly:0 HLODRelevant:1 ListedInSceneOutliner:1 IsMainWorldOnly:0
 |   |   |- [+] [ 37]
 |   |   |   |- Guid:B1C0B3944E084EA7776D8D9D9E6300D7 BaseClass: NativeClass:/Script/Engine.StaticMeshActor Name:StaticMeshActor_UAID_F80DAC1C66D4E25202_1849371872 Label:Wall_400x406 SpatiallyLoaded:1 Bounds:IsValid=true, Min=(X=1590.000 Y=1600.000 Z=0.000), Max=(X=1610.000 Y=2000.000 Z=500.000) RuntimeGrid:None EditorOnly:0 RuntimeOnly:0 HLODRelevant:1 ListedInSceneOutliner:1 IsMainWorldOnly:0
 |   |   |- [+] [ 38]
 |   |   |   |- Guid:B412A28545C43844FACCC1BA4E0D9B3A BaseClass: NativeClass:/Script/Engine.StaticMeshActor Name:StaticMeshActor_UAID_F80DAC1C66D4E25202_1813587870 Label:Wall_400x404 SpatiallyLoaded:1 Bounds:IsValid=true, Min=(X=400.000 Y=-410.000 Z=0.000), Max=(X=1200.000 Y=-390.000 Z=500.000) RuntimeGrid:None EditorOnly:0 RuntimeOnly:0 HLODRelevant:1 ListedInSceneOutliner:1 IsMainWorldOnly:0 FolderPath:Room 4/Walls FolderGuid:CCFC1E654EF37644CF4108941254D3A4
 |   |   |- [+] [ 39]
 |   |   |   |- Guid:B4C356B54885DC3BE529918A9227F5F0 BaseClass: NativeClass:/Script/Engine.StaticMeshActor Name:StaticMeshActor_UAID_F80DAC1C66D4E25202_1802093868 Label:Wall_400x402 SpatiallyLoaded:1 Bounds:IsValid=true, Min=(X=0.000 Y=-10.000 Z=0.000), Max=(X=400.000 Y=10.000 Z=500.000) RuntimeGrid:None EditorOnly:0 RuntimeOnly:0 HLODRelevant:1 ListedInSceneOutliner:1 IsMainWorldOnly:0
 |   |   |- [+] [ 40]
 |   |   |   |- Guid:BF1E7460419B77700AEBA581022CC06D BaseClass: NativeClass:/Script/Engine.StaticMeshActor Name:StaticMeshActor_UAID_F80DAC1C66D4E35202_1446974084 Label:Wall_400x424 SpatiallyLoaded:1 Bounds:IsValid=true, Min=(X=3190.000 Y=400.000 Z=0.000), Max=(X=3210.000 Y=1200.000 Z=500.000) RuntimeGrid:None EditorOnly:0 RuntimeOnly:0 HLODRelevant:1 ListedInSceneOutliner:1 IsMainWorldOnly:0
 |   |   |- [+] [ 41]
 |   |   |   |- Guid:C135EF194621DD2AD41434AD2BB82BD1 BaseClass: NativeClass:/Script/Engine.StaticMeshActor Name:StaticMeshActor_UAID_F80DAC1C66D4E35202_1429460081 Label:Wall_400x421 SpatiallyLoaded:1 Bounds:IsValid=true, Min=(X=3590.000 Y=1200.000 Z=0.000), Max=(X=3610.000 Y=1600.000 Z=500.000) RuntimeGrid:None EditorOnly:0 RuntimeOnly:0 HLODRelevant:1 ListedInSceneOutliner:1 IsMainWorldOnly:0
 |   |   |- [+] [ 42]
 |   |   |   |- Guid:C6634A134DC77E130E2340BD41DB797B BaseClass: NativeClass:/Script/Engine.StaticMeshActor Name:StaticMeshActor_UAID_F80DAC1C66D4E25202_1859002873 Label:Wall_Door_400x401 SpatiallyLoaded:1 Bounds:IsValid=true, Min=(X=1590.000 Y=1200.000 Z=0.000), Max=(X=1610.000 Y=1600.000 Z=500.000) RuntimeGrid:None EditorOnly:0 RuntimeOnly:0 HLODRelevant:1 ListedInSceneOutliner:1 IsMainWorldOnly:0 FolderPath:Room FolderGuid:48D5E97C45BA038E5D39FDAF85177194
 |   |   |- [+] [ 43]
 |   |   |   |- Guid:C7A1913E428A475FD1B30493AB8DABAF BaseClass: NativeClass:/Script/Engine.SkyLight Name:SkyLight_1 Label:SkyLight SpatiallyLoaded:0 Bounds:IsValid=true, Min=(X=0.000 Y=0.000 Z=690.000), Max=(X=0.000 Y=0.000 Z=690.000) RuntimeGrid:None EditorOnly:0 RuntimeOnly:0 HLODRelevant:0 ListedInSceneOutliner:1 IsMainWorldOnly:0 FolderPath:Lighting FolderGuid:963EC3EB4002CCE9759E2EBA541A873A
 |   |   |- [+] [ 44]
 |   |   |   |- Guid:C855AB374DBEB02CA3A730A734AF1274 BaseClass: NativeClass:/Script/Engine.StaticMeshActor Name:StaticMeshActor_UAID_F80DAC1C66D4E35202_1412088077 Label:Wall_400x417 SpatiallyLoaded:1 Bounds:IsValid=true, Min=(X=2800.000 Y=1990.000 Z=0.000), Max=(X=3200.000 Y=2010.000 Z=500.000) RuntimeGrid:None EditorOnly:0 RuntimeOnly:0 HLODRelevant:1 ListedInSceneOutliner:1 IsMainWorldOnly:0
 |   |   |- [+] [ 45]
 |   |   |   |- Guid:CBFF85CB4F874272202E53B6316D09BA BaseClass: NativeClass:/Script/Engine.StaticMeshActor Name:StaticMeshActor_UAID_F80DAC1C66D4E25202_2074037883 Label:Floor_400x404 SpatiallyLoaded:1 Bounds:IsValid=true, Min=(X=1200.000 Y=400.000 Z=-19.319), Max=(X=1591.547 Y=800.000 Z=103.528) RuntimeGrid:None EditorOnly:0 RuntimeOnly:0 HLODRelevant:1 ListedInSceneOutliner:1 IsMainWorldOnly:0
 |   |   |- [+] [ 46]
 |   |   |   |- Guid:CF9045EB44DE11F9D5B2DF8E7801BDD3 BaseClass: NativeClass:/Script/Engine.StaticMeshActor Name:StaticMeshActor_UAID_F80DAC1C66D4E25202_1975266880 Label:Wall_400x411 SpatiallyLoaded:1 Bounds:IsValid=true, Min=(X=1200.000 Y=-810.000 Z=100.000), Max=(X=2400.000 Y=-790.000 Z=500.000) RuntimeGrid:None EditorOnly:0 RuntimeOnly:0 HLODRelevant:1 ListedInSceneOutliner:1 IsMainWorldOnly:0 FolderPath:Room FolderGuid:48D5E97C45BA038E5D39FDAF85177194
 |   |   |- [+] [ 47]
 |   |   |   |- Guid:D2F0A01F430E2AB287BABBA8C17D103A BaseClass: NativeClass:/Script/Engine.StaticMeshActor Name:StaticMeshActor_UAID_F80DAC1C66D4E35202_1377728073 Label:Floor_400x407 SpatiallyLoaded:1 Bounds:IsValid=true, Min=(X=3200.000 Y=400.000 Z=-20.000), Max=(X=4000.000 Y=1200.000 Z=0.000) RuntimeGrid:None EditorOnly:0 RuntimeOnly:0 HLODRelevant:1 ListedInSceneOutliner:1 IsMainWorldOnly:0 FolderPath:Room FolderGuid:48D5E97C45BA038E5D39FDAF85177194
 |   |   |- [+] [ 48]
 |   |   |   |- Guid:DB2C8A9746BD8C21E1E191AD4C7FFA75 BaseClass: NativeClass:/Script/Engine.StaticMeshActor Name:StaticMeshActor_UAID_F80DAC1C66D4E25202_1582379863 Label:Floor_400x400 SpatiallyLoaded:1 Bounds:IsValid=true, Min=(X=0.000 Y=0.000 Z=-20.000), Max=(X=1600.000 Y=2000.000 Z=0.000) RuntimeGrid:None EditorOnly:0 RuntimeOnly:0 HLODRelevant:1 ListedInSceneOutliner:1 IsMainWorldOnly:0 FolderPath:Room 4/Floors FolderGuid:C745C5544BAB79819341BCA1BB8FD42D
 |   |   |- [+] [ 49]
 |   |   |   |- Guid:DE71F38D42EAE32B817ECCB556F8F60D BaseClass: NativeClass:/Script/Engine.StaticMeshActor Name:StaticMeshActor_UAID_F80DAC1C66D4E35202_1441936083 Label:Wall_400x423 SpatiallyLoaded:1 Bounds:IsValid=true, Min=(X=3990.000 Y=400.000 Z=0.000), Max=(X=4010.000 Y=1200.000 Z=500.000) RuntimeGrid:None EditorOnly:0 RuntimeOnly:0 HLODRelevant:1 ListedInSceneOutliner:1 IsMainWorldOnly:0
 |   |   |- [+] [ 50]
 |   |   |   |- Guid:DF609D5E44E1004BF065FF8CF25008A0 BaseClass: NativeClass:/Script/Engine.PostProcessVolume Name:PostProcessVolume_0 Label:PostProcessVolume SpatiallyLoaded:0 Bounds:IsValid=true, Min=(X=0.000 Y=0.000 Z=400.000), Max=(X=200.000 Y=200.000 Z=600.000) RuntimeGrid:None EditorOnly:0 RuntimeOnly:0 HLODRelevant:0 ListedInSceneOutliner:1 IsMainWorldOnly:0 FolderPath:Lighting FolderGuid:963EC3EB4002CCE9759E2EBA541A873A
 |   |   |- [+] [ 51]
 |   |   |   |- Guid:DFB304A4423604EE37086F83F042BB38 BaseClass: NativeClass:/Script/Engine.StaticMeshActor Name:StaticMeshActor_UAID_F80DAC1C66D4E25202_1982969881 Label:Wall_400x412 SpatiallyLoaded:1 Bounds:IsValid=true, Min=(X=2390.000 Y=-800.000 Z=100.000), Max=(X=2410.000 Y=800.000 Z=500.000) RuntimeGrid:None EditorOnly:0 RuntimeOnly:0 HLODRelevant:1 ListedInSceneOutliner:1 IsMainWorldOnly:0 FolderPath:Room FolderGuid:48D5E97C45BA038E5D39FDAF85177194
 |   |   |- [+] [ 52]
 |   |   |   |- Guid:E2348B9F414358341B85FC98DF2D1403 BaseClass: NativeClass:/Script/Engine.StaticMeshActor Name:StaticMeshActor_UAID_F80DAC1C66D4E35202_1551501089 Label:Shape_Cube5 SpatiallyLoaded:1 Bounds:IsValid=true, Min=(X=2100.000 Y=1700.000 Z=0.000), Max=(X=2300.000 Y=1900.000 Z=525.000) RuntimeGrid:None EditorOnly:0 RuntimeOnly:0 HLODRelevant:1 ListedInSceneOutliner:1 IsMainWorldOnly:0
 |   |   |- [+] [ 53]
 |   |   |   |- Guid:EDAF112E42B170D4253F76B0AE99055B BaseClass: NativeClass:/Script/Engine.StaticMeshActor Name:StaticMeshActor_UAID_F80DAC1C66D4E35202_1434523082 Label:Wall_400x422 SpatiallyLoaded:1 Bounds:IsValid=true, Min=(X=3200.000 Y=390.000 Z=0.000), Max=(X=4000.000 Y=410.000 Z=500.000) RuntimeGrid:None EditorOnly:0 RuntimeOnly:0 HLODRelevant:1 ListedInSceneOutliner:1 IsMainWorldOnly:0
 |   |   |- [+] [ 54]
 |   |   |   |- Guid:EED2712A4B69CAE51DD2A0B7530A18FC BaseClass: NativeClass:/Script/Engine.StaticMeshActor Name:StaticMeshActor_UAID_F80DAC1C66D4E25202_1968547879 Label:Wall_400x410 SpatiallyLoaded:1 Bounds:IsValid=true, Min=(X=1190.000 Y=-800.000 Z=100.000), Max=(X=1210.000 Y=-400.000 Z=500.000) RuntimeGrid:None EditorOnly:0 RuntimeOnly:0 HLODRelevant:1 ListedInSceneOutliner:1 IsMainWorldOnly:0
 |   |   |- [+] [ 55]
 |   |   |   |- Guid:F843DAF34E9D01AB8CAEF7969184790B BaseClass: NativeClass:/Script/Engine.StaticMeshActor Name:StaticMeshActor_UAID_F80DAC1C66D4E25202_1946834878 Label:Wall_400x409 SpatiallyLoaded:1 Bounds:IsValid=true, Min=(X=1590.000 Y=-400.000 Z=0.000), Max=(X=1610.000 Y=400.000 Z=200.000) RuntimeGrid:None EditorOnly:0 RuntimeOnly:0 HLODRelevant:1 ListedInSceneOutliner:1 IsMainWorldOnly:0
 |   |   |- [+] [ 56]
 |   |   |   |- Guid:F9FF1FA14BFFB1915ABCC5B210F0973B BaseClass: NativeClass:/Script/Engine.StaticMeshActor Name:StaticMeshActor_UAID_F80DAC1C66D4E25202_2123772885 Label:SM_AssetPlatform SpatiallyLoaded:1 Bounds:IsValid=true, Min=(X=1450.000 Y=-350.000 Z=-0.675), Max=(X=1550.000 Y=-250.000 Z=135.000) RuntimeGrid:None EditorOnly:0 RuntimeOnly:0 HLODRelevant:1 ListedInSceneOutliner:1 IsMainWorldOnly:0
 |   |   |- [+] [ 57]
 |   |   |   |- Guid:FC772E32415ABB7ABE72688AF02525D9 BaseClass: NativeClass:/Script/Engine.StaticMeshActor Name:StaticMeshActor_UAID_F80DAC1C66D4E25202_1806951869 Label:Wall_400x403 SpatiallyLoaded:1 Bounds:IsValid=true, Min=(X=390.000 Y=-400.000 Z=0.000), Max=(X=410.000 Y=0.000 Z=500.000) RuntimeGrid:None EditorOnly:0 RuntimeOnly:0 HLODRelevant:1 ListedInSceneOutliner:1 IsMainWorldOnly:0
 |   |   |- [+] [ 58]
 |   |   |   |- Guid:FF5A6941439D0251E18A0DAFC7414CFE BaseClass: NativeClass:/Script/Engine.StaticMeshActor Name:StaticMeshActor_UAID_F80DAC1C66D4E35202_1393569074 Label:Wall_Door_400x402 SpatiallyLoaded:1 Bounds:IsValid=true, Min=(X=2400.000 Y=1990.000 Z=0.000), Max=(X=2800.000 Y=2010.000 Z=500.000) RuntimeGrid:None EditorOnly:0 RuntimeOnly:0 HLODRelevant:1 ListedInSceneOutliner:1 IsMainWorldOnly:0 FolderPath:Room FolderGuid:48D5E97C45BA038E5D39FDAF85177194
 |- ContainerInstances:
 |- [+] MainContainer:
 |   |-        ID: 00000000000000000000000000000000
 |   |-  ParentID: 00000000000000000000000000000000
 |   |-    Bounds: IsValid=false, Min=(X=0.000 Y=0.000 Z=0.000), Max=(X=0.000 Y=0.000 Z=0.000)
 |   |- Transform: 0.000000,0.000000,0.000000|0.000000,0.000000,-0.000000|1.000000,1.000000,1.000000
 |   |- Container: /Game/LabEscape_Maps/WhiteBoxes/GroupFPSLevel_Room4
----------------------------------------------------------------------------------------------------------------
GroupFPSLevel_Room4 - Persistent Level
----------------------------------------------------------------------------------------------------------------
[+] Content of GroupFPSLevel_Room4 Persistent Level
 |- Always loaded Actor Count: 64 
 |- Actor Path: /Game/LabEscape_Maps/WhiteBoxes/GroupFPSLevel_Room4.GroupFPSLevel_Room4:PersistentLevel.Brush_0
 |- Actor Package: /Game/LabEscape_Maps/WhiteBoxes/GroupFPSLevel_Room4
 |- Actor Path: /Game/LabEscape_Maps/WhiteBoxes/GroupFPSLevel_Room4.GroupFPSLevel_Room4:PersistentLevel.DefaultPhysicsVolume_0
 |- Actor Package: /Game/LabEscape_Maps/WhiteBoxes/GroupFPSLevel_Room4
 |- Actor Path: /Game/LabEscape_Maps/WhiteBoxes/GroupFPSLevel_Room4.GroupFPSLevel_Room4:PersistentLevel.DirectionalLight_0
 |- Actor Package: /Game/__ExternalActors__/LabEscape_Maps/WhiteBoxes/GroupFPSLevel_Room4/E/IC/YCNYJ4QK8AV9IU3DK1KZDX
 |- Actor Path: /Game/LabEscape_Maps/WhiteBoxes/GroupFPSLevel_Room4.GroupFPSLevel_Room4:PersistentLevel.ExponentialHeightFog_0
 |- Actor Package: /Game/__ExternalActors__/LabEscape_Maps/WhiteBoxes/GroupFPSLevel_Room4/F/0Z/XIU62ZQSDGPHRCDXZNAEIF
 |- Actor Path: /Game/LabEscape_Maps/WhiteBoxes/GroupFPSLevel_Room4.GroupFPSLevel_Room4:PersistentLevel.GroupFPSLevel_Room4_C_1
 |- Actor Package: /Game/LabEscape_Maps/WhiteBoxes/GroupFPSLevel_Room4
 |- Actor Path: /Game/LabEscape_Maps/WhiteBoxes/GroupFPSLevel_Room4.GroupFPSLevel_Room4:PersistentLevel.PlayerStart_0
 |- Actor Package: /Game/__ExternalActors__/LabEscape_Maps/WhiteBoxes/GroupFPSLevel_Room4/C/AC/Z11YIFU52N7CZGCKMXW9YU
 |- Actor Path: /Game/LabEscape_Maps/WhiteBoxes/GroupFPSLevel_Room4.GroupFPSLevel_Room4:PersistentLevel.PostProcessVolume_0
 |- Actor Package: /Game/__ExternalActors__/LabEscape_Maps/WhiteBoxes/GroupFPSLevel_Room4/A/7L/HMGZMHN1BFY47VV7LA27Y4
 |- Actor Path: /Game/LabEscape_Maps/WhiteBoxes/GroupFPSLevel_Room4.GroupFPSLevel_Room4:PersistentLevel.SkyAtmosphere_0
 |- Actor Package: /Game/__ExternalActors__/LabEscape_Maps/WhiteBoxes/GroupFPSLevel_Room4/E/4E/Y7VLZP0LHNPSMA1IWR6SLA
 |- Actor Path: /Game/LabEscape_Maps/WhiteBoxes/GroupFPSLevel_Room4.GroupFPSLevel_Room4:PersistentLevel.SkyLight_1
 |- Actor Package: /Game/__ExternalActors__/LabEscape_Maps/WhiteBoxes/GroupFPSLevel_Room4/B/3O/8FVJTI72CHVBTN6WFHF2TG
 |- Actor Path: /Game/LabEscape_Maps/WhiteBoxes/GroupFPSLevel_Room4.GroupFPSLevel_Room4:PersistentLevel.StaticMeshActor_UAID_A4AE111137DC5EFB00_1110535423
 |- Actor Package: /Game/__ExternalActors__/LabEscape_Maps/WhiteBoxes/GroupFPSLevel_Room4/8/BC/QKO9EZ7RA0SQ0CX0GU29LL
 |- Actor Path: /Game/LabEscape_Maps/WhiteBoxes/GroupFPSLevel_Room4.GroupFPSLevel_Room4:PersistentLevel.StaticMeshActor_UAID_F80DAC1C66D4E25202_1582379863
 |- Actor Package: /Game/__ExternalActors__/LabEscape_Maps/WhiteBoxes/GroupFPSLevel_Room4/B/9F/JI66TD7D01SXG7OO2Z1S42
 |- Actor Path: /Game/LabEscape_Maps/WhiteBoxes/GroupFPSLevel_Room4.GroupFPSLevel_Room4:PersistentLevel.StaticMeshActor_UAID_F80DAC1C66D4E25202_1637717864
 |- Actor Package: /Game/__ExternalActors__/LabEscape_Maps/WhiteBoxes/GroupFPSLevel_Room4/6/XF/8QWEUXN9VCXPEOYL5S23PP
 |- Actor Path: /Game/LabEscape_Maps/WhiteBoxes/GroupFPSLevel_Room4.GroupFPSLevel_Room4:PersistentLevel.StaticMeshActor_UAID_F80DAC1C66D4E25202_1736105865
 |- Actor Package: /Game/__ExternalActors__/LabEscape_Maps/WhiteBoxes/GroupFPSLevel_Room4/9/KL/D7U19Y4L8XJCLXODML2WOO
 |- Actor Path: /Game/LabEscape_Maps/WhiteBoxes/GroupFPSLevel_Room4.GroupFPSLevel_Room4:PersistentLevel.StaticMeshActor_UAID_F80DAC1C66D4E25202_1767722866
 |- Actor Package: /Game/__ExternalActors__/LabEscape_Maps/WhiteBoxes/GroupFPSLevel_Room4/4/VH/U6NFBY93O6QS1G78AUMTZD
 |- Actor Path: /Game/LabEscape_Maps/WhiteBoxes/GroupFPSLevel_Room4.GroupFPSLevel_Room4:PersistentLevel.StaticMeshActor_UAID_F80DAC1C66D4E25202_1783110867
 |- Actor Package: /Game/__ExternalActors__/LabEscape_Maps/WhiteBoxes/GroupFPSLevel_Room4/7/3F/GV8J204PRYAVP6RKQV4X24
 |- Actor Path: /Game/LabEscape_Maps/WhiteBoxes/GroupFPSLevel_Room4.GroupFPSLevel_Room4:PersistentLevel.StaticMeshActor_UAID_F80DAC1C66D4E25202_1802093868
 |- Actor Package: /Game/__ExternalActors__/LabEscape_Maps/WhiteBoxes/GroupFPSLevel_Room4/D/H3/VO6OCMN3M4YEDROCWZNO2U
 |- Actor Path: /Game/LabEscape_Maps/WhiteBoxes/GroupFPSLevel_Room4.GroupFPSLevel_Room4:PersistentLevel.StaticMeshActor_UAID_F80DAC1C66D4E25202_1806951869
 |- Actor Package: /Game/__ExternalActors__/LabEscape_Maps/WhiteBoxes/GroupFPSLevel_Room4/1/QA/KKTY1Y4NBRP5QV71ZDSMK1
 |- Actor Path: /Game/LabEscape_Maps/WhiteBoxes/GroupFPSLevel_Room4.GroupFPSLevel_Room4:PersistentLevel.StaticMeshActor_UAID_F80DAC1C66D4E25202_1813587870
 |- Actor Package: /Game/__ExternalActors__/LabEscape_Maps/WhiteBoxes/GroupFPSLevel_Room4/4/DR/QPTSXFTHZ7U25YA0WL9CQE
 |- Actor Path: /Game/LabEscape_Maps/WhiteBoxes/GroupFPSLevel_Room4.GroupFPSLevel_Room4:PersistentLevel.StaticMeshActor_UAID_F80DAC1C66D4E25202_1826954871
 |- Actor Package: /Game/__ExternalActors__/LabEscape_Maps/WhiteBoxes/GroupFPSLevel_Room4/E/OF/MNOJ4ZRCV4SBZSA3KV62O5
 |- Actor Path: /Game/LabEscape_Maps/WhiteBoxes/GroupFPSLevel_Room4.GroupFPSLevel_Room4:PersistentLevel.StaticMeshActor_UAID_F80DAC1C66D4E25202_1849371872
 |- Actor Package: /Game/__ExternalActors__/LabEscape_Maps/WhiteBoxes/GroupFPSLevel_Room4/3/D7/8PKUQYJ5XW47SDS7H7011W
 |- Actor Path: /Game/LabEscape_Maps/WhiteBoxes/GroupFPSLevel_Room4.GroupFPSLevel_Room4:PersistentLevel.StaticMeshActor_UAID_F80DAC1C66D4E25202_1859002873
 |- Actor Package: /Game/__ExternalActors__/LabEscape_Maps/WhiteBoxes/GroupFPSLevel_Room4/1/UL/QN111R32JE2LDN0OH8NRCU
 |- Actor Path: /Game/LabEscape_Maps/WhiteBoxes/GroupFPSLevel_Room4.GroupFPSLevel_Room4:PersistentLevel.StaticMeshActor_UAID_F80DAC1C66D4E25202_1863502874
 |- Actor Package: /Game/__ExternalActors__/LabEscape_Maps/WhiteBoxes/GroupFPSLevel_Room4/4/M0/ESXYMDBV7Y1H3KW9NSHAJ1
 |- Actor Path: /Game/LabEscape_Maps/WhiteBoxes/GroupFPSLevel_Room4.GroupFPSLevel_Room4:PersistentLevel.StaticMeshActor_UAID_F80DAC1C66D4E25202_1874009875
 |- Actor Package: /Game/__ExternalActors__/LabEscape_Maps/WhiteBoxes/GroupFPSLevel_Room4/A/04/S1JH2A2CHYRI658E618KSM
 |- Actor Path: /Game/LabEscape_Maps/WhiteBoxes/GroupFPSLevel_Room4.GroupFPSLevel_Room4:PersistentLevel.StaticMeshActor_UAID_F80DAC1C66D4E25202_1917850876
 |- Actor Package: /Game/__ExternalActors__/LabEscape_Maps/WhiteBoxes/GroupFPSLevel_Room4/3/K0/76KQHYB5MJEWSN9JS3O6ZR
 |- Actor Path: /Game/LabEscape_Maps/WhiteBoxes/GroupFPSLevel_Room4.GroupFPSLevel_Room4:PersistentLevel.StaticMeshActor_UAID_F80DAC1C66D4E25202_1936715877
 |- Actor Package: /Game/__ExternalActors__/LabEscape_Maps/WhiteBoxes/GroupFPSLevel_Room4/9/FM/S5ARF6GEH41JZCZ5AEN46U
 |- Actor Path: /Game/LabEscape_Maps/WhiteBoxes/GroupFPSLevel_Room4.GroupFPSLevel_Room4:PersistentLevel.StaticMeshActor_UAID_F80DAC1C66D4E25202_1946834878
 |- Actor Package: /Game/__ExternalActors__/LabEscape_Maps/WhiteBoxes/GroupFPSLevel_Room4/A/G1/GUL84CRCZIIMIEUD14OMGF
 |- Actor Path: /Game/LabEscape_Maps/WhiteBoxes/GroupFPSLevel_Room4.GroupFPSLevel_Room4:PersistentLevel.StaticMeshActor_UAID_F80DAC1C66D4E25202_1968547879
 |- Actor Package: /Game/__ExternalActors__/LabEscape_Maps/WhiteBoxes/GroupFPSLevel_Room4/B/IA/126RX298LQMJA7T0T1ZSVR
 |- Actor Path: /Game/LabEscape_Maps/WhiteBoxes/GroupFPSLevel_Room4.GroupFPSLevel_Room4:PersistentLevel.StaticMeshActor_UAID_F80DAC1C66D4E25202_1975266880
 |- Actor Package: /Game/__ExternalActors__/LabEscape_Maps/WhiteBoxes/GroupFPSLevel_Room4/C/YY/P8XE4YF8Z6VM1TZSVQDB2Z
 |- Actor Path: /Game/LabEscape_Maps/WhiteBoxes/GroupFPSLevel_Room4.GroupFPSLevel_Room4:PersistentLevel.StaticMeshActor_UAID_F80DAC1C66D4E25202_1982969881
 |- Actor Package: /Game/__ExternalActors__/LabEscape_Maps/WhiteBoxes/GroupFPSLevel_Room4/A/Z7/SN8HLJ1QR39GYE3LVELAIM
 |- Actor Path: /Game/LabEscape_Maps/WhiteBoxes/GroupFPSLevel_Room4.GroupFPSLevel_Room4:PersistentLevel.StaticMeshActor_UAID_F80DAC1C66D4E25202_1997518882
 |- Actor Package: /Game/__ExternalActors__/LabEscape_Maps/WhiteBoxes/GroupFPSLevel_Room4/A/SK/31XTTIGNSZPFU33SMKEUMA
 |- Actor Path: /Game/LabEscape_Maps/WhiteBoxes/GroupFPSLevel_Room4.GroupFPSLevel_Room4:PersistentLevel.StaticMeshActor_UAID_F80DAC1C66D4E25202_2074037883
 |- Actor Package: /Game/__ExternalActors__/LabEscape_Maps/WhiteBoxes/GroupFPSLevel_Room4/5/0U/6FFW7SZ2QMUS40AH5EIVGV
 |- Actor Path: /Game/LabEscape_Maps/WhiteBoxes/GroupFPSLevel_Room4.GroupFPSLevel_Room4:PersistentLevel.StaticMeshActor_UAID_F80DAC1C66D4E25202_2105305884
 |- Actor Package: /Game/__ExternalActors__/LabEscape_Maps/WhiteBoxes/GroupFPSLevel_Room4/4/04/DQUZFNR18MA37DIAX8GCU6
 |- Actor Path: /Game/LabEscape_Maps/WhiteBoxes/GroupFPSLevel_Room4.GroupFPSLevel_Room4:PersistentLevel.StaticMeshActor_UAID_F80DAC1C66D4E25202_2123772885
 |- Actor Package: /Game/__ExternalActors__/LabEscape_Maps/WhiteBoxes/GroupFPSLevel_Room4/C/0B/R8T8VQ8LXZ4YCA8SIS9HRT
 |- Actor Path: /Game/LabEscape_Maps/WhiteBoxes/GroupFPSLevel_Room4.GroupFPSLevel_Room4:PersistentLevel.StaticMeshActor_UAID_F80DAC1C66D4E35202_1162863062
 |- Actor Package: /Game/__ExternalActors__/LabEscape_Maps/WhiteBoxes/GroupFPSLevel_Room4/D/KC/7YIPPHXRVA89VDAQ4PYXO0
 |- Actor Path: /Game/LabEscape_Maps/WhiteBoxes/GroupFPSLevel_Room4.GroupFPSLevel_Room4:PersistentLevel.StaticMeshActor_UAID_F80DAC1C66D4E35202_1167015063
 |- Actor Package: /Game/__ExternalActors__/LabEscape_Maps/WhiteBoxes/GroupFPSLevel_Room4/2/E3/7KG5MI1PR6XDOHUC8RUGXZ
 |- Actor Path: /Game/LabEscape_Maps/WhiteBoxes/GroupFPSLevel_Room4.GroupFPSLevel_Room4:PersistentLevel.StaticMeshActor_UAID_F80DAC1C66D4E35202_1175431064
 |- Actor Package: /Game/__ExternalActors__/LabEscape_Maps/WhiteBoxes/GroupFPSLevel_Room4/1/BL/X2CCCUWI6BDWWHIXDC99ES
 |- Actor Path: /Game/LabEscape_Maps/WhiteBoxes/GroupFPSLevel_Room4.GroupFPSLevel_Room4:PersistentLevel.StaticMeshActor_UAID_F80DAC1C66D4E35202_1225721066
 |- Actor Package: /Game/__ExternalActors__/LabEscape_Maps/WhiteBoxes/GroupFPSLevel_Room4/0/6O/HXB0A61HAM41QO37R2B04M
 |- Actor Path: /Game/LabEscape_Maps/WhiteBoxes/GroupFPSLevel_Room4.GroupFPSLevel_Room4:PersistentLevel.StaticMeshActor_UAID_F80DAC1C66D4E35202_1230924067
 |- Actor Package: /Game/__ExternalActors__/LabEscape_Maps/WhiteBoxes/GroupFPSLevel_Room4/5/66/78MEFF4B2DS6EVTHW9U0UQ
 |- Actor Path: /Game/LabEscape_Maps/WhiteBoxes/GroupFPSLevel_Room4.GroupFPSLevel_Room4:PersistentLevel.StaticMeshActor_UAID_F80DAC1C66D4E35202_1233958068
 |- Actor Package: /Game/__ExternalActors__/LabEscape_Maps/WhiteBoxes/GroupFPSLevel_Room4/9/TR/A8QH7DZ4XQDO5WHFEM50E5
 |- Actor Path: /Game/LabEscape_Maps/WhiteBoxes/GroupFPSLevel_Room4.GroupFPSLevel_Room4:PersistentLevel.StaticMeshActor_UAID_F80DAC1C66D4E35202_1261137069
 |- Actor Package: /Game/__ExternalActors__/LabEscape_Maps/WhiteBoxes/GroupFPSLevel_Room4/8/A9/1TZHGLQVQ8T0CSU9143M8N
 |- Actor Path: /Game/LabEscape_Maps/WhiteBoxes/GroupFPSLevel_Room4.GroupFPSLevel_Room4:PersistentLevel.StaticMeshActor_UAID_F80DAC1C66D4E35202_1300552070
 |- Actor Package: /Game/__ExternalActors__/LabEscape_Maps/WhiteBoxes/GroupFPSLevel_Room4/D/3R/M66OJWV92UBA8M3V6DJYM9
 |- Actor Path: /Game/LabEscape_Maps/WhiteBoxes/GroupFPSLevel_Room4.GroupFPSLevel_Room4:PersistentLevel.StaticMeshActor_UAID_F80DAC1C66D4E35202_1327532071
 |- Actor Package: /Game/__ExternalActors__/LabEscape_Maps/WhiteBoxes/GroupFPSLevel_Room4/8/N8/B9S3COH13JWAYV5OEUQ61L
 |- Actor Path: /Game/LabEscape_Maps/WhiteBoxes/GroupFPSLevel_Room4.GroupFPSLevel_Room4:PersistentLevel.StaticMeshActor_UAID_F80DAC1C66D4E35202_1364152072
 |- Actor Package: /Game/__ExternalActors__/LabEscape_Maps/WhiteBoxes/GroupFPSLevel_Room4/2/6W/VDIB7PEJ1FOCXDAOX2GWVE
 |- Actor Path: /Game/LabEscape_Maps/WhiteBoxes/GroupFPSLevel_Room4.GroupFPSLevel_Room4:PersistentLevel.StaticMeshActor_UAID_F80DAC1C66D4E35202_1377728073
 |- Actor Package: /Game/__ExternalActors__/LabEscape_Maps/WhiteBoxes/GroupFPSLevel_Room4/4/IS/OF13FDQW7XEYAIYWGOD2XH
 |- Actor Path: /Game/LabEscape_Maps/WhiteBoxes/GroupFPSLevel_Room4.GroupFPSLevel_Room4:PersistentLevel.StaticMeshActor_UAID_F80DAC1C66D4E35202_1393569074
 |- Actor Package: /Game/__ExternalActors__/LabEscape_Maps/WhiteBoxes/GroupFPSLevel_Room4/C/EF/TNIIN47N6YXC0O5WZMGUQQ
 |- Actor Path: /Game/LabEscape_Maps/WhiteBoxes/GroupFPSLevel_Room4.GroupFPSLevel_Room4:PersistentLevel.StaticMeshActor_UAID_F80DAC1C66D4E35202_1403520075
 |- Actor Package: /Game/__ExternalActors__/LabEscape_Maps/WhiteBoxes/GroupFPSLevel_Room4/1/FL/38EK1OHC2WZLOQ8TA380BY
 |- Actor Path: /Game/LabEscape_Maps/WhiteBoxes/GroupFPSLevel_Room4.GroupFPSLevel_Room4:PersistentLevel.StaticMeshActor_UAID_F80DAC1C66D4E35202_1408259076
 |- Actor Package: /Game/__ExternalActors__/LabEscape_Maps/WhiteBoxes/GroupFPSLevel_Room4/0/GG/CIXPBY0DHOS0JJHKBIPG1T
 |- Actor Path: /Game/LabEscape_Maps/WhiteBoxes/GroupFPSLevel_Room4.GroupFPSLevel_Room4:PersistentLevel.StaticMeshActor_UAID_F80DAC1C66D4E35202_1412088077
 |- Actor Package: /Game/__ExternalActors__/LabEscape_Maps/WhiteBoxes/GroupFPSLevel_Room4/4/K4/CZ68SONUZ4AQYA6HT6TKMX
 |- Actor Path: /Game/LabEscape_Maps/WhiteBoxes/GroupFPSLevel_Room4.GroupFPSLevel_Room4:PersistentLevel.StaticMeshActor_UAID_F80DAC1C66D4E35202_1416634078
 |- Actor Package: /Game/__ExternalActors__/LabEscape_Maps/WhiteBoxes/GroupFPSLevel_Room4/C/E3/ZF9XAJW4F0LCV71RNGX66G
 |- Actor Path: /Game/LabEscape_Maps/WhiteBoxes/GroupFPSLevel_Room4.GroupFPSLevel_Room4:PersistentLevel.StaticMeshActor_UAID_F80DAC1C66D4E35202_1421297079
 |- Actor Package: /Game/__ExternalActors__/LabEscape_Maps/WhiteBoxes/GroupFPSLevel_Room4/1/LH/C43X5AIIH7LLY0A0VVDUQA
 |- Actor Path: /Game/LabEscape_Maps/WhiteBoxes/GroupFPSLevel_Room4.GroupFPSLevel_Room4:PersistentLevel.StaticMeshActor_UAID_F80DAC1C66D4E35202_1425350080
 |- Actor Package: /Game/__ExternalActors__/LabEscape_Maps/WhiteBoxes/GroupFPSLevel_Room4/1/KZ/40OXL1VCBJSL697WCLYAOE
 |- Actor Path: /Game/LabEscape_Maps/WhiteBoxes/GroupFPSLevel_Room4.GroupFPSLevel_Room4:PersistentLevel.StaticMeshActor_UAID_F80DAC1C66D4E35202_1429460081
 |- Actor Package: /Game/__ExternalActors__/LabEscape_Maps/WhiteBoxes/GroupFPSLevel_Room4/A/Z4/8YDCPL7DYW3H64BI9NAUG6
 |- Actor Path: /Game/LabEscape_Maps/WhiteBoxes/GroupFPSLevel_Room4.GroupFPSLevel_Room4:PersistentLevel.StaticMeshActor_UAID_F80DAC1C66D4E35202_1434523082
 |- Actor Package: /Game/__ExternalActors__/LabEscape_Maps/WhiteBoxes/GroupFPSLevel_Room4/B/K7/96OS12K3RBTC5C4ZLYZSC5
 |- Actor Path: /Game/LabEscape_Maps/WhiteBoxes/GroupFPSLevel_Room4.GroupFPSLevel_Room4:PersistentLevel.StaticMeshActor_UAID_F80DAC1C66D4E35202_1441936083
 |- Actor Package: /Game/__ExternalActors__/LabEscape_Maps/WhiteBoxes/GroupFPSLevel_Room4/E/O5/L52RAVGTZT7PF15JR868JH
 |- Actor Path: /Game/LabEscape_Maps/WhiteBoxes/GroupFPSLevel_Room4.GroupFPSLevel_Room4:PersistentLevel.StaticMeshActor_UAID_F80DAC1C66D4E35202_1446974084
 |- Actor Package: /Game/__ExternalActors__/LabEscape_Maps/WhiteBoxes/GroupFPSLevel_Room4/3/IP/WAI9WEVYJQ5INQMW39AQ4J
 |- Actor Path: /Game/LabEscape_Maps/WhiteBoxes/GroupFPSLevel_Room4.GroupFPSLevel_Room4:PersistentLevel.StaticMeshActor_UAID_F80DAC1C66D4E35202_1452220085
 |- Actor Package: /Game/__ExternalActors__/LabEscape_Maps/WhiteBoxes/GroupFPSLevel_Room4/D/7R/3E32BZE4EZ6T7FP9GDYTGD
 |- Actor Path: /Game/LabEscape_Maps/WhiteBoxes/GroupFPSLevel_Room4.GroupFPSLevel_Room4:PersistentLevel.StaticMeshActor_UAID_F80DAC1C66D4E35202_1458730086
 |- Actor Package: /Game/__ExternalActors__/LabEscape_Maps/WhiteBoxes/GroupFPSLevel_Room4/9/GZ/6GTDOTZO8WQQDBGT3HP0WU
 |- Actor Path: /Game/LabEscape_Maps/WhiteBoxes/GroupFPSLevel_Room4.GroupFPSLevel_Room4:PersistentLevel.StaticMeshActor_UAID_F80DAC1C66D4E35202_1502029088
 |- Actor Package: /Game/__ExternalActors__/LabEscape_Maps/WhiteBoxes/GroupFPSLevel_Room4/D/1W/5NL8XPKN9OONRFVQD4HBWS
 |- Actor Path: /Game/LabEscape_Maps/WhiteBoxes/GroupFPSLevel_Room4.GroupFPSLevel_Room4:PersistentLevel.StaticMeshActor_UAID_F80DAC1C66D4E35202_1551501089
 |- Actor Package: /Game/__ExternalActors__/LabEscape_Maps/WhiteBoxes/GroupFPSLevel_Room4/A/UY/D1CE14DUDI3W3OVC33KGZE
 |- Actor Path: /Game/LabEscape_Maps/WhiteBoxes/GroupFPSLevel_Room4.GroupFPSLevel_Room4:PersistentLevel.StaticMeshActor_UAID_F80DAC1C66D4E35202_1569073090
 |- Actor Package: /Game/__ExternalActors__/LabEscape_Maps/WhiteBoxes/GroupFPSLevel_Room4/D/G1/B7M5CV2OZPNWVU6I82387U
 |- Actor Path: /Game/LabEscape_Maps/WhiteBoxes/GroupFPSLevel_Room4.GroupFPSLevel_Room4:PersistentLevel.VolumetricCloud_0
 |- Actor Package: /Game/__ExternalActors__/LabEscape_Maps/WhiteBoxes/GroupFPSLevel_Room4/3/AK/3L1FPD92R7U0H2LLSASTQH
 |- Actor Path: /Game/LabEscape_Maps/WhiteBoxes/GroupFPSLevel_Room4.GroupFPSLevel_Room4:PersistentLevel.WorldDataLayers
 |- Actor Package: /Game/__ExternalActors__/LabEscape_Maps/WhiteBoxes/GroupFPSLevel_Room4/E/VN/7GQD0GHIXTKP58TW08PKJH
 |- Actor Path: /Game/LabEscape_Maps/WhiteBoxes/GroupFPSLevel_Room4.GroupFPSLevel_Room4:PersistentLevel.WorldInfo_0
 |- Actor Package: /Game/LabEscape_Maps/WhiteBoxes/GroupFPSLevel_Room4
 |- Actor Path: /Game/LabEscape_Maps/WhiteBoxes/GroupFPSLevel_Room4.GroupFPSLevel_Room4:PersistentLevel.WorldPartitionMiniMap_0
 |- Actor Package: /Game/__ExternalActors__/LabEscape_Maps/WhiteBoxes/GroupFPSLevel_Room4/A/H7/YLETCHQYAW471K6IFCARS1

----------------------------------------------------------------------------------------------------------------
GroupFPSLevel_Room4 - Runtime Spatial Hash - Streaming Grid - MainGrid
----------------------------------------------------------------------------------------------------------------
            Origin: X=0.000 Y=0.000 Z=0.000
         Cell Size: 12800
      World Bounds: IsValid=false, Min=(X=0.000 Y=0.000 Z=0.000), Max=(X=0.000 Y=0.000 Z=0.000)
     Loading Range: 25600.00
Block Slow Loading: No
 ClientOnlyVisible: No
            Origin: X=0.000 Y=0.000 Z=0.000

[+] Grid Levels: 1
 |- Level  0: Cell Count    0 | Cell Size   12800 | Actor Count    0 (0.0%)

[+] Content of Grid Level 0

